[automark.cl/index.html]
[automark.cl/wp-content/themes/automark/images/favicon-32x32.png]
[automark.cl/wp-content/themes/automark/images/favicon-16x16.png]
[automark.cl/wp-content/themes/automark/css/font-awesome.css]
[backblue.gif]
[fade.gif]
[index.html]
[automark.cl/wp-content/plugins/instagram-feed/css/sbi-styles.min4d80.css]
[automark.cl/wp-includes/css/dist/block-library/style.min6c2d.css]
[automark.cl/wp-content/themes/automark/css/estilo4116.css]
[cdnjs.cloudflare.com/ajax/libs/tiny-slider/2.9.2/tiny-slider6c2d.css]
[maxcdn.bootstrapcdn.com/bootstrap/3.3.7/css/bootstrap.min7433.css]
[ajax.googleapis.com/ajax/libs/jquery/3.5.1/jquery.min9d52.js]
[automark.cl/wp-content/plugins/nextcellent-gallery-nextgen-legacy/js/owl.carousel.min77ae.js]
[cdnjs.cloudflare.com/ajax/libs/tiny-slider/2.9.2/min/tiny-sliderab7d.js]
[automark.cl/wp-content/themes/automark/js/automark-014116.js]
[automark.cl/xmlrpc0db0.php]
[automark.cl/wp-json/index.html]
[automark.cl/wp-content/themes/automark/images/logo_automark_2020.png]
[automark.cl/wp-content/gallery/can-am-spyder-2010/20250725_1310413d59.jpg]
[automark.cl/wp-content/gallery/chevrolet-c10-1962/photo_17528647123021bbd.jpg]
[automark.cl/ventas/index.html]
[automark.cl/wp-content/uploads/2023/11/Photo_1691447873872-1024x1024.jpg]
[automark.cl/wp-content/gallery/ford-explorer-eddie-bauer-1994/photo_1748353330530fa6c.jpg]
[automark.cl/wp-content/gallery/ford-f150-lariat-sport-2022/photo_1751730874943e070.jpg]
[automark.cl/wp-content/gallery/ford-mustang-1973/photo_17539028634328ebd.jpg]
[automark.cl/wp-content/gallery/ford-mustang-1965_1/photo_1736340421558-17485.jpg]
[automark.cl/wp-content/gallery/harley-davidson-fat-bob-2019/20250612_17373435a6.jpg]
[automark.cl/wp-content/gallery/harley-davidson-sportster-s-2022/photo_1752599782265d573.jpg]
[automark.cl/wp-content/gallery/jeep-wrangler-2000/photo_175442221784776e2.jpg]
[automark.cl/wp-content/uploads/2024/03/Photo_1710547407976-1024x1024.jpg]
[automark.cl/wp-content/gallery/motomorini-x-cape-2025/20250725_15295277b1.jpg]
[automark.cl/wp-content/gallery/toyota-4-runner-2001/photo_17525213812596756.jpg]
[automark.cl/wp-content/uploads/2023/12/Photo_1703201356228-1024x1024.jpg]
[automark.cl/wp-content/gallery/mercedes-benz-unimog-426-casa-rodante-motoriz-1/photo_1750359143370.1a8979.del]
[automark.cl/wp-content/uploads/2020/06/IMG_20190325_232150_108-300x157.jpg]
[automark.cl/taller/index.html]
[automark.cl/wp-content/uploads/2020/06/IMG_20190703_200712_304-240x300.jpg]
[automark.cl/wp-content/uploads/2020/06/IMG_20191120_195901_757-300x300.jpg]
[automark.cl/wp-content/uploads/2020/06/IMG_20191211_170750_791-300x300.jpg]
[automark.cl/wp-content/uploads/2020/07/Photo_1592868235009-1024x1024.jpg]
[automark.cl/garage/index.html]
[automark.cl/wp-content/uploads/2019/12/20191007_145241-Copiar.jpg]
[automark.cl/wp-content/uploads/2009/06/1-1-1024x1024.jpg]
[automark.cl/wp-content/uploads/2011/09/P10-1024x768.jpg]
[automark.cl/wp-content/plugins/instagram-feed/img/placeholder.png]
[automark.cl/wp-content/themes/automark/images/icons8-waze.svg]
[automark.cl/wp-content/themes/automark/images/logoMetro.png]
[upload.wikimedia.org/wikipedia/commons/5/5e/WhatsApp_icon.png]
[automark.cl/wp-content/themes/automark/images/instagram.png]
[automark.cl/wp-content/themes/automark/images/facebook.png]
[automark.cl/wp-admin/admin-ajax.php]
[automark.cl/wp-content/plugins/instagram-feed/js/sbi-scripts.min4d80.js]
[automark.cl/index.html]
[automark.cl/wp-content/themes/automark/fonts/fontawesome-webfont3e6e.eot]
[automark.cl/wp-content/themes/automark/fonts/fontawesome-webfontd41d.eot]
[automark.cl/wp-content/themes/automark/fonts/fontawesome-webfont3e6e.woff2]
[automark.cl/wp-content/themes/automark/fonts/fontawesome-webfont3e6e.woff]
[automark.cl/wp-content/themes/automark/fonts/fontawesome-webfont3e6e.ttf]
[automark.cl/wp-content/themes/automark/css/font-awesome.css]
[www.googletagmanager.com/gtm5445.html]
[automark.cl/wp-content/themes/automark/fonts/fontawesome-webfont3e6e.svg]
[automark.cl/wp-content/plugins/instagram-feed/img/sbi-sprite.png]
[automark.cl/wp-content/plugins/instagram-feed/css/sbi-styles.min4d80.css]
[automark.cl/wp-includes/css/dist/block-library/style.min6c2d.css]
[automark.cl/wp-content/themes/automark/css/estilo4116.css]
[cdnjs.cloudflare.com/ajax/libs/tiny-slider/2.9.2/tiny-slider6c2d.css]
[maxcdn.bootstrapcdn.com/bootstrap/3.3.7/css/bootstrap.min7433.css]
[automark.cl/wp-json/wp/v2/pages/19.json]
[automark.cl/wp-json/oembed/1.0/embed386b.json]
[automark.cl/wp-json/oembed/1.0/embed02be]
[automark.cl/wp-content/uploads/2014/11/P1170561.jpg]
[automark.cl/chevrolet-c10-1962/index.html]
[automark.cl/chevrolet-el-camino-ss-1967/index.html]
[automark.cl/can-am-spyder-2010/index.html]
[automark.cl/wp-content/uploads/2024/01/Photo_1706053592745-1024x1024.jpg]
[automark.cl/ford-explorer-eddie-bauer-1994/index.html]
[automark.cl/wp-content/uploads/2023/05/1-1024x1024.jpg]
[automark.cl/wp-content/uploads/2014/06/P1160648-300x225.jpg]
[automark.cl/ford-f150-lariat-sport-2022/index.html]
[automark.cl/ford-mustang-1973/index.html]
[automark.cl/ford-mustang-289/index.html]
[automark.cl/wp-content/uploads/2009/06/p1000149.jpg]
[automark.cl/harley-davidson-fat-bob-2019/index.html]
[automark.cl/wp-content/uploads/2009/06/p1010038.jpg]
[automark.cl/harley-davidson-sportster-s-2022/index.html]
[automark.cl/jeep-wrangler-2000/index.html]
[automark.cl/wp-content/uploads/2012/08/P1100781-300x225.jpg]
[automark.cl/land-rover-serie-3-stage-one-1981/index.html]
[automark.cl/wp-content/uploads/2023/02/Photo_1677495351290_xb65lgyF1x-1024x1024.jpg]
[automark.cl/mercedes-benz-unimog-426-casa-rodante-motoriz-1974/index.html]
[automark.cl/wp-content/uploads/2013/07/P1130505-300x225.jpg]
[automark.cl/motomorini-x-cape-2025/index.html]
[automark.cl/wp-content/uploads/2024/03/Photo_1710286705774-1024x1024.jpg]
[automark.cl/wp-content/uploads/2013/08/P1130580.jpg]
[automark.cl/toyota-4-runner-2001/index.html]
[automark.cl/volkswagen-karmann-mobil-safari-1984/index.html]
[automark.cl/wp-content/uploads/2018/02/20180209_191729-Copiar.jpg]
[automark.cl/wp-content/uploads/2023/03/Photo_1678839935352_RwJV0N8X1Q-1024x1024.jpg]
[automark.cl/wp-content/uploads/2023/10/Photo_1697585428870-1024x1024.jpg]
[automark.cl/wp-content/uploads/2022/12/1-4-1024x1024.jpg]
[automark.cl/wp-content/uploads/2024/09/Photo_1727195321989-7-1024x1024.jpg]
[automark.cl/wp-content/gallery/chevrolet-apache-1956/photo_17382638778473980.jpg]
[automark.cl/wp-content/uploads/2018/01/20180123_181837-Copiar.jpg]
[automark.cl/wp-content/uploads/2013/08/P1130679-300x225.jpg]
[automark.cl/wp-content/uploads/2024/01/Photo_1704927028397-1024x1024.jpg]
[automark.cl/wp-content/uploads/2023/09/c1_20230910_01362127-1024x1024.jpg]
[automark.cl/wp-content/uploads/2012/10/P1110215.jpg]
[automark.cl/wp-content/uploads/2016/01/P1210264-300x225.jpg]
[automark.cl/wp-content/uploads/2009/10/P1150655.jpg]
[automark.cl/wp-content/uploads/2015/12/P1150448.jpg]
[automark.cl/wp-content/uploads/2020/05/Photo_1590606528121-1024x1024.jpg]
[automark.cl/wp-content/uploads/2023/08/Photo_1692034595796_dQOyT37S7d-1024x1024.jpg]
[automark.cl/wp-content/uploads/2024/06/Photo_1719191548553-1024x1024.jpg]
[automark.cl/wp-content/uploads/2019/11/20191024_122617-Copiar.jpg]
[automark.cl/wp-content/gallery/chevrolet-corvette-1978/photo_1749757667528d960.jpg]
[automark.cl/wp-content/uploads/2024/01/Photo_1704237315692-1024x1024.jpg]
[automark.cl/wp-content/uploads/2024/11/photo_1728500441916-scaled.jpg]
[automark.cl/wp-content/uploads/2021/03/Photo_1615214976359_compress90-1024x1024.jpg]
[automark.cl/wp-content/uploads/2017/11/20171117_161534-Copiar-300x225.jpg]
[automark.cl/wp-content/uploads/2022/12/Photo_1669858552505_eFQ3nMUE8g-1-1024x1024.jpg]
[automark.cl/wp-content/uploads/2014/12/20171128_161319-Copiar.jpg]
[automark.cl/wp-content/uploads/2013/11/P1170444.jpg]
[automark.cl/wp-content/uploads/2023/11/Photo_1699912259754-1024x1024.jpg]
[automark.cl/wp-content/uploads/2023/09/c1_20230910_01354591-1024x1024.jpg]
[automark.cl/wp-content/uploads/2023/01/1-1024x1024.jpg]
[automark.cl/wp-content/uploads/2023/10/Photo_1697144057107-1024x1024.jpg]
[automark.cl/wp-content/uploads/2023/09/Photo_1695251022871-1024x1024.jpg]
[automark.cl/wp-content/uploads/2023/05/Photo_1684004220659_YIKxkPWB2l-1024x1024.jpg]
[automark.cl/wp-content/uploads/2015/10/P1180997-300x225.jpg]
[automark.cl/wp-content/uploads/2014/09/P1160450.jpg]
[automark.cl/wp-content/uploads/2023/11/Photo_1699562514152-1024x1024.jpg]
[automark.cl/wp-content/uploads/2024/07/Photo_1719860208765-1024x1024.jpg]
[automark.cl/wp-content/uploads/2024/03/Photo_1711063260507-1024x1024.jpg]
[automark.cl/wp-content/gallery/chevrolet-suburban1997/photo_17464802600027520.jpg]
[automark.cl/wp-content/gallery/chevrolet-tahoe-1997/photo_17401686031602eaa.jpg]
[automark.cl/wp-content/uploads/2017/11/20171115_182522-Copiar-300x225.jpg]
[automark.cl/wp-content/gallery/chevrolet-tahoe-5-7-v8-1999/photo_17510589286588d5b.jpg]
[automark.cl/wp-content/uploads/2023/05/Photo_1685574694964_kDNrkrqa1h-1024x1024.jpg]
[automark.cl/wp-content/uploads/2023/09/Photo_1694313060016-1024x1024.jpg]
[automark.cl/wp-content/uploads/2024/03/Photo_1711149491670-1024x1024.jpg]
[automark.cl/wp-content/uploads/2024/01/Photo_1706053382307-1024x1024.jpg]
[automark.cl/wp-content/uploads/2023/09/Photo_1694815570911-1024x1024.jpg]
[automark.cl/wp-content/uploads/2013/06/P1130107-1024x768.jpg]
[automark.cl/wp-content/gallery/daihatsu-charade-1982/photo_173921351439092ae.jpg]
[automark.cl/wp-content/uploads/2009/06/p1000645.jpg]
[automark.cl/wp-content/uploads/2009/06/p2180040-300x225.jpg]
[automark.cl/wp-content/gallery/daihatsu-feroza-2000/photo_1732733834604.jpg]
[automark.cl/wp-content/uploads/2023/06/Photo_1686157860742_YsV9zGiZ3X-1024x1024.jpg]
[automark.cl/wp-content/uploads/2023/12/Photo_1701729006553-1024x1024.jpg]
[automark.cl/wp-content/gallery/dodge-challenger-2023/photo_17346135851494046.jpg]
[automark.cl/wp-content/uploads/2012/06/P1100217.jpg]
[automark.cl/wp-content/uploads/2024/04/Photo_1712797677591-1024x1024.jpg]
[automark.cl/wp-content/uploads/2024/01/Photo_1706315745585-1024x1024.jpg]
[automark.cl/wp-content/uploads/2013/04/P1170887.jpg]
[automark.cl/wp-content/uploads/2014/08/P1160232.jpg]
[automark.cl/wp-content/uploads/2017/09/20190624_133026-Copiar.jpg]
[automark.cl/wp-content/uploads/2018/02/20180131_174213-Copiar.jpg]
[automark.cl/wp-content/uploads/2018/07/20180724_120201-Copiar.jpg]
[automark.cl/wp-content/uploads/2022/09/Photo_1663786153097-1024x1024.jpg]
[automark.cl/wp-content/uploads/2023/05/20230513_135025-1024x1024.jpg]
[automark.cl/wp-content/uploads/2017/06/20170615_165952-Copiar.jpg]
[automark.cl/wp-content/uploads/2020/08/Photo_1597416938830-1024x1024.jpg]
[automark.cl/wp-content/uploads/2013/09/P1130826-300x225.jpg]
[automark.cl/wp-content/uploads/2018/03/1.jpg]
[automark.cl/wp-content/uploads/2020/01/20200130_100055-Copiar.jpg]
[www.automark.cl/wp-content/uploads/2012/02/1-300x225.jpg]
[automark.cl/wp-content/uploads/2020/02/20200201_144402-Copiar.jpg]
[automark.cl/wp-content/uploads/2021/12/1-2-1024x1024.jpg]
[automark.cl/wp-content/uploads/2022/03/1-1-1024x1024.jpg]
[automark.cl/wp-content/uploads/2023/11/20231103_121305-1024x1024.jpg]
[automark.cl/wp-content/uploads/2013/03/P1100934-1024x768.jpg]
[automark.cl/wp-content/uploads/2023/09/c1_20230910_01355037-1024x1024.jpg]
[automark.cl/wp-content/uploads/2014/06/P1150784-300x225.jpg]
[automark.cl/wp-content/uploads/2023/11/Photo_1700696930522-1-1024x1024.jpg]
[automark.cl/wp-content/uploads/2014/08/P1160343-300x225.jpg]
[automark.cl/wp-content/gallery/ford-bronco-ii-4x4-v6-2-9-1989/photo_1737724500232e3de.jpg]
[automark.cl/wp-content/uploads/2012/05/20171120_184508-Copiar.jpg]
[automark.cl/wp-content/uploads/2024/02/Photo_1709161905487-1024x1024.jpg]
[automark.cl/wp-content/uploads/2024/05/Photo_1717031256722-1024x1024.jpg]
[automark.cl/wp-content/uploads/2011/03/Imagen-002.jpg]
[automark.cl/wp-content/gallery/ford-bronco-ii-1989_1/photo_1730898404338.jpg]
[automark.cl/wp-content/uploads/2024/01/Photo_1706053258326-1024x1024.jpg]
[automark.cl/wp-content/gallery/ford-bronco-xlt-1988_1/photo_1738083257366919b.jpg]
[automark.cl/wp-content/gallery/ford-bronco-xlt-1989_1/photo_1744927740257b47b.jpg]
[automark.cl/wp-content/uploads/2024/04/Photo_1712795507973-1024x1024.jpg]
[automark.cl/wp-content/uploads/2009/06/P1120151.jpg]
[automark.cl/wp-content/uploads/2020/04/20200409_113721-1024x1024.jpg]
[automark.cl/wp-content/uploads/2016/06/20160628_172536-Copiar.jpg]
[automark.cl/wp-content/uploads/2018/06/20180619_174845-Copiar.jpg]
[automark.cl/wp-content/uploads/2021/03/Photo_1617146799443_compress39-1024x1024.jpg]
[automark.cl/wp-content/uploads/2020/07/Photo_1592868040850-1024x1024.jpg]
[automark.cl/wp-content/uploads/2024/06/Photo_1717204615796-1024x1024.jpg]
[automark.cl/wp-content/uploads/2013/11/P1140189-300x225.jpg]
[automark.cl/wp-content/uploads/2024/03/Photo_1710286040301-1024x1024.jpg]
[automark.cl/wp-content/uploads/2024/03/Photo_1697144066554-1024x1024.jpg]
[automark.cl/wp-content/uploads/2024/03/Photo_1710286192073-1024x1024.jpg]
[automark.cl/wp-content/gallery/ford-explorer-xlt-1993/photo_1748279440564cee4.jpg]
[automark.cl/wp-content/uploads/2023/11/Photo_1700787771533-1024x1024.jpg]
[automark.cl/wp-content/uploads/2021/11/20211112_173905_compress79-1024x1024.jpg]
[automark.cl/wp-content/uploads/2024/02/Photo_1708475109260-1024x1024.jpg]
[automark.cl/wp-content/gallery/ford-f-100/photo_173444353016937f7.jpg]
[automark.cl/wp-content/uploads/2024/05/Photo_1716906193512-1024x1024.jpg]
[automark.cl/wp-content/gallery/ford-fz-750-2003/photo_1744304992808fc3c.jpg]
[automark.cl/wp-content/uploads/2024/07/Photo_1721841241732-3-1024x1024.jpg]
[automark.cl/wp-content/uploads/2014/07/P1160101.jpg]
[automark.cl/wp-content/uploads/2009/12/p1010876.jpg]
[automark.cl/wp-content/uploads/2009/07/camion-5.jpg]
[automark.cl/wp-content/uploads/2020/03/20200325_142302-Copiar.jpg]
[automark.cl/wp-content/uploads/2023/05/20230503_155136_ondvx7an30-1024x1024.jpg]
[automark.cl/wp-content/uploads/2016/10/20180423_183222-Copiar.jpg]
[automark.cl/wp-content/uploads/2015/03/P1170631-300x225.jpg]
[automark.cl/wp-content/uploads/2020/08/Photo_1597416917710-1024x1024.jpg]
[automark.cl/wp-content/gallery/ford-f-150-xlt-1995/photo_17481044405467f2b.jpg]
[automark.cl/wp-content/uploads/2022/08/c1_Photo_1660774505649_-182ade092c5_3-1024x1024.jpg]
[automark.cl/wp-content/uploads/2023/12/Photo_1703805963031-1024x1024.jpg]
[automark.cl/wp-content/gallery/ford-ranger-1989/photo_1734019230274fde8.jpg]
[automark.cl/wp-content/uploads/2018/02/20180208_183827-Copiar-2.jpg]
[automark.cl/wp-content/gallery/ford-mustang-fastback-1972/photo_1733779854594c098.jpg]
[automark.cl/wp-content/uploads/2013/01/P1110856.jpg]
[automark.cl/wp-content/uploads/2012/03/P1090632-1024x768.jpg]
[automark.cl/wp-content/uploads/2010/07/p1030473.jpg]
[automark.cl/wp-content/uploads/2017/01/20161229_174424-Copiar.jpg]
[automark.cl/wp-content/uploads/2017/07/20170703_165844-Copiar.jpg]
[automark.cl/wp-content/uploads/2010/09/p1030807.jpg]
[automark.cl/wp-content/uploads/2023/09/Photo_1694313045129-1024x1024.jpg]
[automark.cl/wp-content/gallery/ford-mustang-4-8-1965/photo_1744736773961e9d8.jpg]
[automark.cl/wp-content/uploads/2017/10/20171012_152250-Copiar.jpg]
[automark.cl/wp-content/uploads/2021/01/Photo_1610644499170_compress88.jpg]
[automark.cl/wp-content/uploads/2021/06/Photo_1632856978931_compress46-1024x1024.jpg]
[automark.cl/wp-content/uploads/2024/10/Photo_1729015909897-1024x1024.jpg]
[automark.cl/wp-content/uploads/2023/02/Photo_1673916412471_pMHam5qT50-1-1024x1024.jpg]
[automark.cl/wp-content/uploads/2020/12/Photo_1678212780261_UiDnDDi09t-1024x1024.jpg]
[automark.cl/wp-content/uploads/2023/02/Photo_1674785529520_qVEDzdAq6S-1024x1024.jpg]
[automark.cl/wp-content/uploads/2017/01/20171115_190808-Copiar-300x225.jpg]
[automark.cl/wp-content/uploads/2024/02/Photo_1706926072122-1024x1024.jpg]
[automark.cl/wp-content/uploads/2021/10/1-2-1024x1024.jpg]
[automark.cl/wp-content/gallery/ford-mustang-convertible-302/photo_17358441025342b4e.jpg]
[automark.cl/wp-content/uploads/2017/12/Photo_1587487647647-1024x1024.jpg]
[automark.cl/wp-content/uploads/2013/09/P1150041.jpg]
[automark.cl/wp-content/uploads/2009/07/image-1.jpg]
[automark.cl/wp-content/uploads/2012/12/20191003_173803-Copiar.jpg]
[automark.cl/wp-content/uploads/2016/10/20161005_175552-Copiar.jpg]
[automark.cl/wp-content/uploads/2009/07/P1050914.jpg]
[automark.cl/wp-content/uploads/2013/02/P1120245.jpg]
[automark.cl/wp-content/uploads/2018/08/20180730_163656-Copiar.jpg]
[automark.cl/wp-content/uploads/2019/09/20190904_161053-Copiar.jpg]
[automark.cl/wp-content/uploads/2022/07/1-2-1024x1024.jpg]
[automark.cl/wp-content/uploads/2009/05/P1140544-1024x768.jpg]
[automark.cl/wp-content/uploads/2019/06/1.jpg]
[automark.cl/wp-content/uploads/2012/04/P1090724-1024x768.jpg]
[automark.cl/wp-content/uploads/2013/12/P1140303-300x225.jpg]
[automark.cl/wp-content/uploads/2015/10/P1180960.jpg]
[automark.cl/wp-content/uploads/2023/01/Photo_1673916429285_jPGeV5WN8q-1-1024x1024.jpg]
[automark.cl/wp-content/uploads/2012/05/1-1024x768.jpg]
[automark.cl/wp-content/uploads/2013/04/P1120400-1024x768.jpg]
[automark.cl/wp-content/uploads/2022/09/c1_Photo_1662069611324_-182fb1f859a_3-1024x1024.jpg]
[automark.cl/wp-content/uploads/2015/12/P1210202-300x225.jpg]
[automark.cl/wp-content/uploads/2020/09/1-3-1024x1024.jpg]
[automark.cl/wp-content/uploads/2023/09/c1_20230910_01361599-1024x1024.jpg]
[automark.cl/wp-content/uploads/2017/08/20171231_193545-Copiar.jpg]
[automark.cl/wp-content/uploads/2017/05/20170509_180014-Copiar-300x169.jpg]
[automark.cl/wp-content/uploads/2021/04/Photo_1617146820038_compress39-1024x1024.jpg]
[automark.cl/wp-content/uploads/2017/06/20170614_171207-Copiar-300x169.jpg]
[automark.cl/wp-content/uploads/2020/11/Photo_1606575228600_compress41-1024x1024.jpg]
[automark.cl/wp-content/uploads/2017/06/20170608_164504-Copiar-300x169.jpg]
[automark.cl/wp-content/uploads/2020/11/Photo_1606423318463-1024x1024.jpg]
[automark.cl/wp-content/uploads/2021/11/Photo_1636481967269_compress96-1024x1024.jpg]
[automark.cl/wp-content/uploads/2016/07/20160704_154648-Copiar.jpg]
[automark.cl/wp-content/uploads/2017/05/20170426_133908-Copiar-300x169.jpg]
[automark.cl/wp-content/uploads/2022/06/1655155716542-1024x1024.jpg]
[automark.cl/wp-content/uploads/2017/11/20171115_193316-Copiar-300x225.jpg]
[automark.cl/wp-content/uploads/2015/04/P1170827-300x225.jpg]
[automark.cl/wp-content/uploads/2018/01/20180125_183004-Copiar.jpg]
[automark.cl/wp-content/uploads/2022/01/Photo_1640799158916_compress43-1024x1024.jpg]
[automark.cl/wp-content/uploads/2018/05/20180508_164447-Copiar.jpg]
[automark.cl/wp-content/uploads/2021/04/Photo_1617665310312_compress1-1024x1024.jpg]
[automark.cl/wp-content/uploads/2017/03/20170315_141122_HDR-Copiar.jpg]
[automark.cl/wp-content/uploads/2017/03/1-300x169.jpg]
[automark.cl/wp-content/uploads/2021/11/Photo_1637785452482_compress79-1024x1024.jpg]
[automark.cl/wp-content/uploads/2015/07/P1180354-300x225.jpg]
[automark.cl/wp-content/uploads/2023/12/20231206_173552-1024x1024.jpg]
[automark.cl/wp-content/uploads/2023/09/Photo_1694313129866-1024x1024.jpg]
[automark.cl/wp-content/uploads/2023/09/Photo_1694313121790-1024x1024.jpg]
[automark.cl/wp-content/uploads/2023/09/Photo_1695251031790-1024x1024.jpg]
[automark.cl/ventas/index.html]
[automark.cl/wp-json/wp/v2/pages/6774.json]
[automark.cl/wp-json/oembed/1.0/embed13da.json]
[automark.cl/wp-json/oembed/1.0/embedf000]
[automark.cl/wp-content/uploads/2020/06/main_yukongearandaxle.jpg]
[automark.cl/wp-content/uploads/2020/06/main_tuffstuff.jpg]
[automark.cl/wp-content/uploads/2020/06/main_summit.jpg]
[automark.cl/wp-content/uploads/2020/06/main_sealedpower.jpg]
[automark.cl/wp-content/uploads/2020/06/main_rousch0718.jpg]
[automark.cl/wp-content/uploads/2020/06/main_retrosound.jpg]
[automark.cl/wp-content/uploads/2020/06/main_rancho.jpg]
[automark.cl/wp-content/uploads/2020/06/main_powermaster.jpg]
[automark.cl/wp-content/uploads/2020/06/main_msd.jpg]
[automark.cl/wp-content/uploads/2020/06/main_mrgasket.jpg]
[automark.cl/wp-content/uploads/2020/06/main_motorcraft.jpg]
[automark.cl/wp-content/uploads/2020/06/main_motivegear0718.jpg]
[automark.cl/wp-content/uploads/2020/06/main_moroso.jpg]
[automark.cl/wp-content/uploads/2020/06/main_mopar.jpg]
[automark.cl/wp-content/uploads/2020/06/main_moog.jpg]
[automark.cl/wp-content/uploads/2020/06/main_mallory.jpg]
[automark.cl/wp-content/uploads/2020/06/main_hurst.jpg]
[automark.cl/wp-content/uploads/2020/06/main_holley.jpg]
[automark.cl/wp-content/uploads/2020/06/main_hedman.jpg]
[automark.cl/wp-content/uploads/2020/06/main_fordperformance.jpg]
[automark.cl/wp-content/uploads/2020/06/main_flowmaster.jpg]
[automark.cl/wp-content/uploads/2020/06/main_felpro0718.jpg]
[automark.cl/wp-content/uploads/2020/06/main_edelbrock.jpg]
[automark.cl/wp-content/uploads/2020/06/main_bmm.jpg]
[automark.cl/wp-content/uploads/2020/06/main_autometer.jpg]
[automark.cl/wp-content/uploads/2020/06/main_americanracing.jpg]
[automark.cl/wp-content/uploads/2020/06/main_acdelco.jpg]
[automark.cl/wp-content/uploads/2020/06/main_accel.jpg]
[automark.cl/taller/index.html]
[automark.cl/wp-json/wp/v2/pages/5885.json]
[automark.cl/wp-json/oembed/1.0/embed8cee.json]
[automark.cl/wp-json/oembed/1.0/embed777b]
[automark.cl/garage/index.html]
[automark.cl/ford-bronco-1986-2/index.html]
[automark.cl/wp-content/themes/automark/images/icons8-waze.svg]
[automark.cl/wp-admin/admin-ajax.html]
[automark.cl/wp-content/themes/automark/fonts/fontawesome-webfont3e6e.svg]
[automark.cl/index5831.html]
[automark.cl/ford-maverick-250-1976/index.html]
[automark.cl/ford-mustang-gt-1968/index.html]
[automark.cl/ford-bronco-1978/index.html]
[automark.cl/wp-json/wp/v2/posts/8580.json]
[automark.cl/can-am-spyder-2010/feed/index.html]
[automark.cl/wp-json/oembed/1.0/embed6959.json]
[automark.cl/wp-json/oembed/1.0/embed231a]
[automark.cl/wp-content/gallery/can-am-spyder-2010/20250725_131041_resized.jpg]
[automark.cl/wp-content/gallery/can-am-spyder-2010/thumbs/thumbs_20250725_131041.jpg]
[automark.cl/wp-content/gallery/can-am-spyder-2010/20250725_131051_resized.jpg]
[automark.cl/wp-content/gallery/can-am-spyder-2010/thumbs/thumbs_20250725_131051.jpg]
[automark.cl/wp-content/gallery/can-am-spyder-2010/20250725_131103_resized.jpg]
[automark.cl/wp-content/gallery/can-am-spyder-2010/thumbs/thumbs_20250725_131103.jpg]
[automark.cl/wp-content/gallery/can-am-spyder-2010/20250725_131114_resized.jpg]
[automark.cl/wp-content/gallery/can-am-spyder-2010/thumbs/thumbs_20250725_131114.jpg]
[automark.cl/wp-content/gallery/can-am-spyder-2010/20250725_131126_resized.jpg]
[automark.cl/wp-content/gallery/can-am-spyder-2010/thumbs/thumbs_20250725_131126.jpg]
[automark.cl/wp-content/gallery/can-am-spyder-2010/20250725_131135_resized.jpg]
[automark.cl/wp-content/gallery/can-am-spyder-2010/thumbs/thumbs_20250725_131135.jpg]
[automark.cl/wp-content/gallery/can-am-spyder-2010/20250725_131142_resized.jpg]
[automark.cl/wp-content/gallery/can-am-spyder-2010/thumbs/thumbs_20250725_131142.jpg]
[automark.cl/wp-content/gallery/can-am-spyder-2010/20250725_131154_resized.jpg]
[automark.cl/wp-content/gallery/can-am-spyder-2010/thumbs/thumbs_20250725_131154.jpg]
[automark.cl/wp-content/gallery/can-am-spyder-2010/20250725_131209_resized.jpg]
[automark.cl/wp-content/gallery/can-am-spyder-2010/thumbs/thumbs_20250725_131209.jpg]
[automark.cl/wp-content/gallery/can-am-spyder-2010/20250725_131216_resized.jpg]
[automark.cl/wp-content/gallery/can-am-spyder-2010/thumbs/thumbs_20250725_131216.jpg]
[automark.cl/wp-content/gallery/can-am-spyder-2010/20250725_131227_resized.jpg]
[automark.cl/wp-content/gallery/can-am-spyder-2010/thumbs/thumbs_20250725_131227.jpg]
[automark.cl/wp-content/gallery/can-am-spyder-2010/20250725_131236_resized.jpg]
[automark.cl/wp-content/gallery/can-am-spyder-2010/thumbs/thumbs_20250725_131236.jpg]
[automark.cl/wp-content/gallery/can-am-spyder-2010/20250725_131255_resized.jpg]
[automark.cl/wp-content/gallery/can-am-spyder-2010/thumbs/thumbs_20250725_131255.jpg]
[automark.cl/wp-content/gallery/can-am-spyder-2010/20250725_131303_resized.jpg]
[automark.cl/wp-content/gallery/can-am-spyder-2010/thumbs/thumbs_20250725_131303.jpg]
[automark.cl/wp-content/gallery/can-am-spyder-2010/20250725_131318_resized.jpg]
[automark.cl/wp-content/gallery/can-am-spyder-2010/thumbs/thumbs_20250725_131318.jpg]
[automark.cl/wp-content/gallery/can-am-spyder-2010/20250725_131326_resized.jpg]
[automark.cl/wp-content/gallery/can-am-spyder-2010/thumbs/thumbs_20250725_131326.jpg]
[automark.cl/wp-content/gallery/can-am-spyder-2010/20250725_131459_resized.jpg]
[automark.cl/wp-content/gallery/can-am-spyder-2010/thumbs/thumbs_20250725_131459.jpg]
[automark.cl/wp-content/gallery/can-am-spyder-2010/20250725_131522_resized.jpg]
[automark.cl/wp-content/gallery/can-am-spyder-2010/thumbs/thumbs_20250725_131522.jpg]
[automark.cl/can-am-spyder-2010/index.html]
[automark.cl/wp-json/wp/v2/posts/8577.json]
[automark.cl/wp-content/themes/automark/images/webpay.svg]
[automark.cl/chevrolet-c10-1962/feed/index.html]
[automark.cl/wp-json/oembed/1.0/embed402d.json]
[automark.cl/wp-json/oembed/1.0/embed154e]
[automark.cl/wp-content/gallery/chevrolet-c10-1962/photo_1752864712302_resized.jpg]
[automark.cl/wp-content/gallery/chevrolet-c10-1962/thumbs/thumbs_photo_1752864712302.jpg]
[automark.cl/wp-content/gallery/chevrolet-c10-1962/photo_1752864712866_resized.jpg]
[automark.cl/wp-content/gallery/chevrolet-c10-1962/thumbs/thumbs_photo_1752864712866.jpg]
[automark.cl/wp-content/gallery/chevrolet-c10-1962/photo_1752864713321_resized.jpg]
[automark.cl/wp-content/gallery/chevrolet-c10-1962/thumbs/thumbs_photo_1752864713321.jpg]
[automark.cl/wp-content/gallery/chevrolet-c10-1962/photo_1752864713768_resized.jpg]
[automark.cl/wp-content/gallery/chevrolet-c10-1962/thumbs/thumbs_photo_1752864713768.jpg]
[automark.cl/wp-content/gallery/chevrolet-c10-1962/photo_1752864714214_resized.jpg]
[automark.cl/wp-content/gallery/chevrolet-c10-1962/thumbs/thumbs_photo_1752864714214.jpg]
[automark.cl/wp-content/gallery/chevrolet-c10-1962/photo_1752864749220_resized.jpg]
[automark.cl/wp-content/gallery/chevrolet-c10-1962/thumbs/thumbs_photo_1752864749220.jpg]
[automark.cl/wp-content/gallery/chevrolet-c10-1962/photo_1752864749692_resized.jpg]
[automark.cl/wp-content/gallery/chevrolet-c10-1962/thumbs/thumbs_photo_1752864749692.jpg]
[automark.cl/wp-content/gallery/chevrolet-c10-1962/photo_1752864750172_resized.jpg]
[automark.cl/wp-content/gallery/chevrolet-c10-1962/thumbs/thumbs_photo_1752864750172.jpg]
[automark.cl/wp-content/gallery/chevrolet-c10-1962/photo_1752864750633_resized.jpg]
[automark.cl/wp-content/gallery/chevrolet-c10-1962/thumbs/thumbs_photo_1752864750633.jpg]
[automark.cl/wp-content/gallery/chevrolet-c10-1962/photo_1752864751138_resized.jpg]
[automark.cl/wp-content/gallery/chevrolet-c10-1962/thumbs/thumbs_photo_1752864751138.jpg]
[automark.cl/wp-content/gallery/chevrolet-c10-1962/photo_1752864787745_resized.jpg]
[automark.cl/wp-content/gallery/chevrolet-c10-1962/thumbs/thumbs_photo_1752864787745.jpg]
[automark.cl/wp-content/gallery/chevrolet-c10-1962/photo_1752864788141_resized.jpg]
[automark.cl/wp-content/gallery/chevrolet-c10-1962/thumbs/thumbs_photo_1752864788141.jpg]
[automark.cl/wp-content/gallery/chevrolet-c10-1962/photo_1752864788592_resized.jpg]
[automark.cl/wp-content/gallery/chevrolet-c10-1962/thumbs/thumbs_photo_1752864788592.jpg]
[automark.cl/wp-content/gallery/chevrolet-c10-1962/photo_1752864789033_resized.jpg]
[automark.cl/wp-content/gallery/chevrolet-c10-1962/thumbs/thumbs_photo_1752864789033.jpg]
[automark.cl/wp-content/gallery/chevrolet-c10-1962/photo_1752864789507_resized.jpg]
[automark.cl/wp-content/gallery/chevrolet-c10-1962/thumbs/thumbs_photo_1752864789507.jpg]
[automark.cl/chevrolet-c10-1962/index.html]
[automark.cl/wp-json/wp/v2/posts/7864.json]
[automark.cl/chevrolet-el-camino-ss-1967/feed/index.html]
[automark.cl/wp-json/oembed/1.0/embede042.json]
[automark.cl/wp-json/oembed/1.0/embedf848]
[automark.cl/wp-content/gallery/chevrolet-el-camino-ss-1967/photo_1691447873872_resized.jpg]
[automark.cl/wp-content/gallery/chevrolet-el-camino-ss-1967/thumbs/thumbs_photo_1691447873872.jpg]
[automark.cl/wp-content/gallery/chevrolet-el-camino-ss-1967/photo_1691447874346_resized.jpg]
[automark.cl/wp-content/gallery/chevrolet-el-camino-ss-1967/thumbs/thumbs_photo_1691447874346.jpg]
[automark.cl/wp-content/gallery/chevrolet-el-camino-ss-1967/photo_1691447874813_resized.jpg]
[automark.cl/wp-content/gallery/chevrolet-el-camino-ss-1967/thumbs/thumbs_photo_1691447874813.jpg]
[automark.cl/wp-content/gallery/chevrolet-el-camino-ss-1967/photo_1691447875300_resized.jpg]
[automark.cl/wp-content/gallery/chevrolet-el-camino-ss-1967/thumbs/thumbs_photo_1691447875300.jpg]
[automark.cl/wp-content/gallery/chevrolet-el-camino-ss-1967/photo_1691447877244_resized.jpg]
[automark.cl/wp-content/gallery/chevrolet-el-camino-ss-1967/thumbs/thumbs_photo_1691447877244.jpg]
[automark.cl/wp-content/gallery/chevrolet-el-camino-ss-1967/photo_1691447879475_resized.jpg]
[automark.cl/wp-content/gallery/chevrolet-el-camino-ss-1967/thumbs/thumbs_photo_1691447879475.jpg]
[automark.cl/wp-content/gallery/chevrolet-el-camino-ss-1967/photo_1691447880415_resized.jpg]
[automark.cl/wp-content/gallery/chevrolet-el-camino-ss-1967/thumbs/thumbs_photo_1691447880415.jpg]
[automark.cl/wp-content/gallery/chevrolet-el-camino-ss-1967/photo_1691447880995_resized.jpg]
[automark.cl/wp-content/gallery/chevrolet-el-camino-ss-1967/thumbs/thumbs_photo_1691447880995.jpg]
[automark.cl/wp-content/gallery/chevrolet-el-camino-ss-1967/photo_1691447881495_resized.jpg]
[automark.cl/wp-content/gallery/chevrolet-el-camino-ss-1967/thumbs/thumbs_photo_1691447881495.jpg]
[automark.cl/wp-content/gallery/chevrolet-el-camino-ss-1967/photo_1691447881963_resized.jpg]
[automark.cl/wp-content/gallery/chevrolet-el-camino-ss-1967/thumbs/thumbs_photo_1691447881963.jpg]
[automark.cl/wp-content/gallery/chevrolet-el-camino-ss-1967/photo_1691447883318_resized.jpg]
[automark.cl/wp-content/gallery/chevrolet-el-camino-ss-1967/thumbs/thumbs_photo_1691447883318.jpg]
[automark.cl/wp-content/gallery/chevrolet-el-camino-ss-1967/photo_1691447884332_resized.jpg]
[automark.cl/wp-content/gallery/chevrolet-el-camino-ss-1967/thumbs/thumbs_photo_1691447884332.jpg]
[automark.cl/wp-content/gallery/chevrolet-el-camino-ss-1967/photo_1691447885222_resized.jpg]
[automark.cl/wp-content/gallery/chevrolet-el-camino-ss-1967/thumbs/thumbs_photo_1691447885222.jpg]
[automark.cl/wp-content/gallery/chevrolet-el-camino-ss-1967/photo_1691447886452_resized.jpg]
[automark.cl/wp-content/gallery/chevrolet-el-camino-ss-1967/thumbs/thumbs_photo_1691447886452.jpg]
[automark.cl/wp-content/gallery/chevrolet-el-camino-ss-1967/photo_1691447887285_resized.jpg]
[automark.cl/wp-content/gallery/chevrolet-el-camino-ss-1967/thumbs/thumbs_photo_1691447887285.jpg]
[automark.cl/wp-content/gallery/chevrolet-el-camino-ss-1967/photo_1691447887774_resized.jpg]
[automark.cl/wp-content/gallery/chevrolet-el-camino-ss-1967/thumbs/thumbs_photo_1691447887774.jpg]
[automark.cl/wp-content/gallery/chevrolet-el-camino-ss-1967/photo_1691447888238_resized.jpg]
[automark.cl/wp-content/gallery/chevrolet-el-camino-ss-1967/thumbs/thumbs_photo_1691447888238.jpg]
[automark.cl/wp-content/gallery/chevrolet-el-camino-ss-1967/photo_1691447888719_resized.jpg]
[automark.cl/wp-content/gallery/chevrolet-el-camino-ss-1967/thumbs/thumbs_photo_1691447888719.jpg]
[automark.cl/wp-content/gallery/chevrolet-el-camino-ss-1967/photo_1691447889187_resized.jpg]
[automark.cl/wp-content/gallery/chevrolet-el-camino-ss-1967/thumbs/thumbs_photo_1691447889187.jpg]
[automark.cl/wp-content/gallery/chevrolet-el-camino-ss-1967/photo_1691447889679_resized.jpg]
[automark.cl/wp-content/gallery/chevrolet-el-camino-ss-1967/thumbs/thumbs_photo_1691447889679.jpg]
[automark.cl/wp-content/gallery/chevrolet-el-camino-ss-1967/photo_1691447890157_resized.jpg]
[automark.cl/wp-content/gallery/chevrolet-el-camino-ss-1967/thumbs/thumbs_photo_1691447890157.jpg]
[automark.cl/wp-content/gallery/chevrolet-el-camino-ss-1967/photo_1691447891181_resized.jpg]
[automark.cl/wp-content/gallery/chevrolet-el-camino-ss-1967/thumbs/thumbs_photo_1691447891181.jpg]
[automark.cl/wp-content/gallery/chevrolet-el-camino-ss-1967/photo_1691447891622_resized.jpg]
[automark.cl/wp-content/gallery/chevrolet-el-camino-ss-1967/thumbs/thumbs_photo_1691447891622.jpg]
[automark.cl/wp-content/gallery/chevrolet-el-camino-ss-1967/photo_1691447892513_resized.jpg]
[automark.cl/wp-content/gallery/chevrolet-el-camino-ss-1967/thumbs/thumbs_photo_1691447892513.jpg]
[automark.cl/wp-content/gallery/chevrolet-el-camino-ss-1967/photo_1691447892949_resized.jpg]
[automark.cl/wp-content/gallery/chevrolet-el-camino-ss-1967/thumbs/thumbs_photo_1691447892949.jpg]
[automark.cl/wp-content/gallery/chevrolet-el-camino-ss-1967/photo_1691447878157_resized.jpg]
[automark.cl/wp-content/gallery/chevrolet-el-camino-ss-1967/thumbs/thumbs_photo_1691447878157.jpg]
[automark.cl/chevrolet-el-camino-ss-1967/index.html]
[automark.cl/wp-json/wp/v2/posts/8533.json]
[automark.cl/ford-explorer-eddie-bauer-1994/feed/index.html]
[automark.cl/wp-json/oembed/1.0/embed52b7.json]
[automark.cl/wp-json/oembed/1.0/embed3d54]
[automark.cl/wp-content/gallery/ford-explorer-eddie-bauer-1994/photo_1748353330530_resized.jpg]
[automark.cl/wp-content/gallery/ford-explorer-eddie-bauer-1994/thumbs/thumbs_photo_1748353330530.jpg]
[automark.cl/wp-content/gallery/ford-explorer-eddie-bauer-1994/photo_1748353331135_resized.jpg]
[automark.cl/wp-content/gallery/ford-explorer-eddie-bauer-1994/thumbs/thumbs_photo_1748353331135.jpg]
[automark.cl/wp-content/gallery/ford-explorer-eddie-bauer-1994/photo_1748353331598_resized.jpg]
[automark.cl/wp-content/gallery/ford-explorer-eddie-bauer-1994/thumbs/thumbs_photo_1748353331598.jpg]
[automark.cl/wp-content/gallery/ford-explorer-eddie-bauer-1994/photo_1748353332064_resized.jpg]
[automark.cl/wp-content/gallery/ford-explorer-eddie-bauer-1994/thumbs/thumbs_photo_1748353332064.jpg]
[automark.cl/wp-content/gallery/ford-explorer-eddie-bauer-1994/photo_1748353332544_resized.jpg]
[automark.cl/wp-content/gallery/ford-explorer-eddie-bauer-1994/thumbs/thumbs_photo_1748353332544.jpg]
[automark.cl/wp-content/gallery/ford-explorer-eddie-bauer-1994/photo_1748353369129_resized.jpg]
[automark.cl/wp-content/gallery/ford-explorer-eddie-bauer-1994/thumbs/thumbs_photo_1748353369129.jpg]
[automark.cl/wp-content/gallery/ford-explorer-eddie-bauer-1994/photo_1748353369627_resized.jpg]
[automark.cl/wp-content/gallery/ford-explorer-eddie-bauer-1994/thumbs/thumbs_photo_1748353369627.jpg]
[automark.cl/wp-content/gallery/ford-explorer-eddie-bauer-1994/photo_1748353370098_resized.jpg]
[automark.cl/wp-content/gallery/ford-explorer-eddie-bauer-1994/thumbs/thumbs_photo_1748353370098.jpg]
[automark.cl/wp-content/gallery/ford-explorer-eddie-bauer-1994/photo_1748353370599_resized.jpg]
[automark.cl/wp-content/gallery/ford-explorer-eddie-bauer-1994/thumbs/thumbs_photo_1748353370599.jpg]
[automark.cl/wp-content/gallery/ford-explorer-eddie-bauer-1994/photo_1748438427677_resized.jpg]
[automark.cl/wp-content/gallery/ford-explorer-eddie-bauer-1994/thumbs/thumbs_photo_1748438427677.jpg]
[automark.cl/wp-content/gallery/ford-explorer-eddie-bauer-1994/photo_1748438428259_resized.jpg]
[automark.cl/wp-content/gallery/ford-explorer-eddie-bauer-1994/thumbs/thumbs_photo_1748438428259.jpg]
[automark.cl/wp-content/gallery/ford-explorer-eddie-bauer-1994/photo_1748438428723_resized.jpg]
[automark.cl/wp-content/gallery/ford-explorer-eddie-bauer-1994/thumbs/thumbs_photo_1748438428723.jpg]
[automark.cl/wp-content/gallery/ford-explorer-eddie-bauer-1994/photo_1748438429227_resized.jpg]
[automark.cl/wp-content/gallery/ford-explorer-eddie-bauer-1994/thumbs/thumbs_photo_1748438429227.jpg]
[automark.cl/wp-content/gallery/ford-explorer-eddie-bauer-1994/photo_1748438429710_resized.jpg]
[automark.cl/wp-content/gallery/ford-explorer-eddie-bauer-1994/thumbs/thumbs_photo_1748438429710.jpg]
[automark.cl/wp-content/gallery/ford-explorer-eddie-bauer-1994/photo_1748438491493_resized.jpg]
[automark.cl/wp-content/gallery/ford-explorer-eddie-bauer-1994/thumbs/thumbs_photo_1748438491493.jpg]
[automark.cl/wp-content/gallery/ford-explorer-eddie-bauer-1994/photo_1748438491982_resized.jpg]
[automark.cl/wp-content/gallery/ford-explorer-eddie-bauer-1994/thumbs/thumbs_photo_1748438491982.jpg]
[automark.cl/ford-explorer-eddie-bauer-1994/index.html]
[automark.cl/wp-json/wp/v2/posts/8562.json]
[automark.cl/ford-f150-lariat-sport-2022/feed/index.html]
[automark.cl/wp-json/oembed/1.0/embeddf8c.json]
[automark.cl/wp-json/oembed/1.0/embeda823]
[automark.cl/wp-content/gallery/ford-f150-lariat-sport-2022/photo_1751730874943_resized.jpg]
[automark.cl/wp-content/gallery/ford-f150-lariat-sport-2022/thumbs/thumbs_photo_1751730874943.jpg]
[automark.cl/wp-content/gallery/ford-f150-lariat-sport-2022/photo_1751730875876_resized.jpg]
[automark.cl/wp-content/gallery/ford-f150-lariat-sport-2022/thumbs/thumbs_photo_1751730875876.jpg]
[automark.cl/wp-content/gallery/ford-f150-lariat-sport-2022/photo_1751730876291_resized.jpg]
[automark.cl/wp-content/gallery/ford-f150-lariat-sport-2022/thumbs/thumbs_photo_1751730876291.jpg]
[automark.cl/wp-content/gallery/ford-f150-lariat-sport-2022/photo_1751730876736_resized.jpg]
[automark.cl/wp-content/gallery/ford-f150-lariat-sport-2022/thumbs/thumbs_photo_1751730876736.jpg]
[automark.cl/wp-content/gallery/ford-f150-lariat-sport-2022/photo_1751730910027_resized.jpg]
[automark.cl/wp-content/gallery/ford-f150-lariat-sport-2022/thumbs/thumbs_photo_1751730910027.jpg]
[automark.cl/wp-content/gallery/ford-f150-lariat-sport-2022/photo_1751730910437_resized.jpg]
[automark.cl/wp-content/gallery/ford-f150-lariat-sport-2022/thumbs/thumbs_photo_1751730910437.jpg]
[automark.cl/wp-content/gallery/ford-f150-lariat-sport-2022/photo_1751730910852_resized.jpg]
[automark.cl/wp-content/gallery/ford-f150-lariat-sport-2022/thumbs/thumbs_photo_1751730910852.jpg]
[automark.cl/wp-content/gallery/ford-f150-lariat-sport-2022/photo_1751730911317_resized.jpg]
[automark.cl/wp-content/gallery/ford-f150-lariat-sport-2022/thumbs/thumbs_photo_1751730911317.jpg]
[automark.cl/wp-content/gallery/ford-f150-lariat-sport-2022/photo_1751730911734_resized.jpg]
[automark.cl/wp-content/gallery/ford-f150-lariat-sport-2022/thumbs/thumbs_photo_1751730911734.jpg]
[automark.cl/wp-content/gallery/ford-f150-lariat-sport-2022/photo_1751730951875_resized.jpg]
[automark.cl/wp-content/gallery/ford-f150-lariat-sport-2022/thumbs/thumbs_photo_1751730951875.jpg]
[automark.cl/wp-content/gallery/ford-f150-lariat-sport-2022/photo_1751730952333_resized.jpg]
[automark.cl/wp-content/gallery/ford-f150-lariat-sport-2022/thumbs/thumbs_photo_1751730952333.jpg]
[automark.cl/wp-content/gallery/ford-f150-lariat-sport-2022/photo_1751730952761_resized.jpg]
[automark.cl/wp-content/gallery/ford-f150-lariat-sport-2022/thumbs/thumbs_photo_1751730952761.jpg]
[automark.cl/wp-content/gallery/ford-f150-lariat-sport-2022/photo_1751730953200_resized.jpg]
[automark.cl/wp-content/gallery/ford-f150-lariat-sport-2022/thumbs/thumbs_photo_1751730953200.jpg]
[automark.cl/wp-content/gallery/ford-f150-lariat-sport-2022/photo_1751730953646_resized.jpg]
[automark.cl/wp-content/gallery/ford-f150-lariat-sport-2022/thumbs/thumbs_photo_1751730953646.jpg]
[automark.cl/wp-content/gallery/ford-f150-lariat-sport-2022/photo_1751730978108_resized.jpg]
[automark.cl/wp-content/gallery/ford-f150-lariat-sport-2022/thumbs/thumbs_photo_1751730978108.jpg]
[automark.cl/wp-content/gallery/ford-f150-lariat-sport-2022/photo_1751730978575_resized.jpg]
[automark.cl/wp-content/gallery/ford-f150-lariat-sport-2022/thumbs/thumbs_photo_1751730978575.jpg]
[automark.cl/ford-f150-lariat-sport-2022/index.html]
[automark.cl/wp-json/wp/v2/posts/8584.json]
[automark.cl/ford-mustang-1973/feed/index.html]
[automark.cl/wp-json/oembed/1.0/embed5d1c.json]
[automark.cl/wp-json/oembed/1.0/embed5641]
[automark.cl/wp-content/gallery/ford-mustang-1973/photo_1753902863432_resized.jpg]
[automark.cl/wp-content/gallery/ford-mustang-1973/thumbs/thumbs_photo_1753902863432.jpg]
[automark.cl/wp-content/gallery/ford-mustang-1973/photo_1753902864023_resized.jpg]
[automark.cl/wp-content/gallery/ford-mustang-1973/thumbs/thumbs_photo_1753902864023.jpg]
[automark.cl/wp-content/gallery/ford-mustang-1973/photo_1753902864465_resized.jpg]
[automark.cl/wp-content/gallery/ford-mustang-1973/thumbs/thumbs_photo_1753902864465.jpg]
[automark.cl/wp-content/gallery/ford-mustang-1973/photo_1753902864936_resized.jpg]
[automark.cl/wp-content/gallery/ford-mustang-1973/thumbs/thumbs_photo_1753902864936.jpg]
[automark.cl/wp-content/gallery/ford-mustang-1973/photo_1753902865403_resized.jpg]
[automark.cl/wp-content/gallery/ford-mustang-1973/thumbs/thumbs_photo_1753902865403.jpg]
[automark.cl/wp-content/gallery/ford-mustang-1973/photo_1753902905856_resized.jpg]
[automark.cl/wp-content/gallery/ford-mustang-1973/thumbs/thumbs_photo_1753902905856.jpg]
[automark.cl/wp-content/gallery/ford-mustang-1973/photo_1753902906348_resized.jpg]
[automark.cl/wp-content/gallery/ford-mustang-1973/thumbs/thumbs_photo_1753902906348.jpg]
[automark.cl/wp-content/gallery/ford-mustang-1973/photo_1753902906790_resized.jpg]
[automark.cl/wp-content/gallery/ford-mustang-1973/thumbs/thumbs_photo_1753902906790.jpg]
[automark.cl/wp-content/gallery/ford-mustang-1973/photo_1753902907261_resized.jpg]
[automark.cl/wp-content/gallery/ford-mustang-1973/thumbs/thumbs_photo_1753902907261.jpg]
[automark.cl/wp-content/gallery/ford-mustang-1973/photo_1753902907698_resized.jpg]
[automark.cl/wp-content/gallery/ford-mustang-1973/thumbs/thumbs_photo_1753902907698.jpg]
[automark.cl/wp-content/gallery/ford-mustang-1973/photo_1753902934852_resized.jpg]
[automark.cl/wp-content/gallery/ford-mustang-1973/thumbs/thumbs_photo_1753902934852.jpg]
[automark.cl/wp-content/gallery/ford-mustang-1973/photo_1753902935282_resized.jpg]
[automark.cl/wp-content/gallery/ford-mustang-1973/thumbs/thumbs_photo_1753902935282.jpg]
[automark.cl/wp-content/gallery/ford-mustang-1973/photo_1753902935739_resized.jpg]
[automark.cl/wp-content/gallery/ford-mustang-1973/thumbs/thumbs_photo_1753902935739.jpg]
[automark.cl/ford-mustang-1973/index.html]
[automark.cl/wp-json/wp/v2/posts/8443.json]
[automark.cl/ford-mustang-289/feed/index.html]
[automark.cl/wp-json/oembed/1.0/embed8724.json]
[automark.cl/wp-json/oembed/1.0/embed1c42]
[automark.cl/wp-content/gallery/ford-mustang-1965_1/photo_1736340421558-1_resized.jpg]
[automark.cl/wp-content/gallery/ford-mustang-1965_1/thumbs/thumbs_photo_1736340421558-1.jpg]
[automark.cl/wp-content/gallery/ford-mustang-1965_1/photo_1736340376663-1_resized.jpg]
[automark.cl/wp-content/gallery/ford-mustang-1965_1/thumbs/thumbs_photo_1736340376663-1.jpg]
[automark.cl/wp-content/gallery/ford-mustang-1965_1/photo_1736340376064-1_resized.jpg]
[automark.cl/wp-content/gallery/ford-mustang-1965_1/thumbs/thumbs_photo_1736340376064-1.jpg]
[automark.cl/wp-content/gallery/ford-mustang-1965_1/photo_1736340377149-1_resized.jpg]
[automark.cl/wp-content/gallery/ford-mustang-1965_1/thumbs/thumbs_photo_1736340377149-1.jpg]
[automark.cl/wp-content/gallery/ford-mustang-1965_1/photo_1736340377617-1_resized.jpg]
[automark.cl/wp-content/gallery/ford-mustang-1965_1/thumbs/thumbs_photo_1736340377617-1.jpg]
[automark.cl/wp-content/gallery/ford-mustang-1965_1/photo_1736340378145-1_resized.jpg]
[automark.cl/wp-content/gallery/ford-mustang-1965_1/thumbs/thumbs_photo_1736340378145-1.jpg]
[automark.cl/wp-content/gallery/ford-mustang-1965_1/photo_1736340421076-1_resized.jpg]
[automark.cl/wp-content/gallery/ford-mustang-1965_1/thumbs/thumbs_photo_1736340421076-1.jpg]
[automark.cl/wp-content/gallery/ford-mustang-1965_1/photo_1736340422539_resized.jpg]
[automark.cl/wp-content/gallery/ford-mustang-1965_1/thumbs/thumbs_photo_1736340422539.jpg]
[automark.cl/wp-content/gallery/ford-mustang-1965_1/photo_1736340422964_resized.jpg]
[automark.cl/wp-content/gallery/ford-mustang-1965_1/thumbs/thumbs_photo_1736340422964.jpg]
[automark.cl/wp-content/gallery/ford-mustang-1965_1/photo_1736340471099-1_resized.jpg]
[automark.cl/wp-content/gallery/ford-mustang-1965_1/thumbs/thumbs_photo_1736340471099-1.jpg]
[automark.cl/wp-content/gallery/ford-mustang-1965_1/photo_1736340471570_resized.jpg]
[automark.cl/wp-content/gallery/ford-mustang-1965_1/thumbs/thumbs_photo_1736340471570.jpg]
[automark.cl/wp-content/gallery/ford-mustang-1965_1/photo_1736340472056_resized.jpg]
[automark.cl/wp-content/gallery/ford-mustang-1965_1/thumbs/thumbs_photo_1736340472056.jpg]
[automark.cl/wp-content/gallery/ford-mustang-1965_1/photo_1736340472515_resized.jpg]
[automark.cl/wp-content/gallery/ford-mustang-1965_1/thumbs/thumbs_photo_1736340472515.jpg]
[automark.cl/wp-content/gallery/ford-mustang-1965_1/photo_1736340473005_resized.jpg]
[automark.cl/wp-content/gallery/ford-mustang-1965_1/thumbs/thumbs_photo_1736340473005.jpg]
[automark.cl/ford-mustang-289/index.html]
[automark.cl/wp-json/wp/v2/posts/8546.json]
[automark.cl/harley-davidson-fat-bob-2019/feed/index.html]
[automark.cl/wp-json/oembed/1.0/embed2e67.json]
[automark.cl/wp-json/oembed/1.0/embed0a22]
[automark.cl/wp-content/gallery/harley-davidson-fat-bob-2019/20250612_173734_resized.jpg]
[automark.cl/wp-content/gallery/harley-davidson-fat-bob-2019/thumbs/thumbs_20250612_173734.jpg]
[automark.cl/wp-content/gallery/harley-davidson-fat-bob-2019/20250612_173740_resized.jpg]
[automark.cl/wp-content/gallery/harley-davidson-fat-bob-2019/thumbs/thumbs_20250612_173740.jpg]
[automark.cl/wp-content/gallery/harley-davidson-fat-bob-2019/20250612_173755_resized.jpg]
[automark.cl/wp-content/gallery/harley-davidson-fat-bob-2019/thumbs/thumbs_20250612_173755.jpg]
[automark.cl/wp-content/gallery/harley-davidson-fat-bob-2019/20250612_173805_resized.jpg]
[automark.cl/wp-content/gallery/harley-davidson-fat-bob-2019/thumbs/thumbs_20250612_173805.jpg]
[automark.cl/wp-content/gallery/harley-davidson-fat-bob-2019/20250612_173812_resized.jpg]
[automark.cl/wp-content/gallery/harley-davidson-fat-bob-2019/thumbs/thumbs_20250612_173812.jpg]
[automark.cl/wp-content/gallery/harley-davidson-fat-bob-2019/20250612_173821_resized.jpg]
[automark.cl/wp-content/gallery/harley-davidson-fat-bob-2019/thumbs/thumbs_20250612_173821.jpg]
[automark.cl/wp-content/gallery/harley-davidson-fat-bob-2019/20250612_173830_resized.jpg]
[automark.cl/wp-content/gallery/harley-davidson-fat-bob-2019/thumbs/thumbs_20250612_173830.jpg]
[automark.cl/wp-content/gallery/harley-davidson-fat-bob-2019/20250612_173840_resized.jpg]
[automark.cl/wp-content/gallery/harley-davidson-fat-bob-2019/thumbs/thumbs_20250612_173840.jpg]
[automark.cl/wp-content/gallery/harley-davidson-fat-bob-2019/20250612_173846_resized.jpg]
[automark.cl/wp-content/gallery/harley-davidson-fat-bob-2019/thumbs/thumbs_20250612_173846.jpg]
[automark.cl/wp-content/gallery/harley-davidson-fat-bob-2019/20250612_173852_resized.jpg]
[automark.cl/wp-content/gallery/harley-davidson-fat-bob-2019/thumbs/thumbs_20250612_173852.jpg]
[automark.cl/wp-content/gallery/harley-davidson-fat-bob-2019/20250612_173857_resized.jpg]
[automark.cl/wp-content/gallery/harley-davidson-fat-bob-2019/thumbs/thumbs_20250612_173857.jpg]
[automark.cl/wp-content/gallery/harley-davidson-fat-bob-2019/20250612_173904_resized.jpg]
[automark.cl/wp-content/gallery/harley-davidson-fat-bob-2019/thumbs/thumbs_20250612_173904.jpg]
[automark.cl/wp-content/gallery/harley-davidson-fat-bob-2019/20250612_173912_resized.jpg]
[automark.cl/wp-content/gallery/harley-davidson-fat-bob-2019/thumbs/thumbs_20250612_173912.jpg]
[automark.cl/wp-content/gallery/harley-davidson-fat-bob-2019/20250612_173922_resized.jpg]
[automark.cl/wp-content/gallery/harley-davidson-fat-bob-2019/thumbs/thumbs_20250612_173922.jpg]
[automark.cl/wp-content/gallery/harley-davidson-fat-bob-2019/20250612_173931_resized.jpg]
[automark.cl/wp-content/gallery/harley-davidson-fat-bob-2019/thumbs/thumbs_20250612_173931.jpg]
[automark.cl/wp-content/gallery/harley-davidson-fat-bob-2019/20250612_173944_resized.jpg]
[automark.cl/wp-content/gallery/harley-davidson-fat-bob-2019/thumbs/thumbs_20250612_173944.jpg]
[automark.cl/harley-davidson-fat-bob-2019/index.html]
[automark.cl/wp-json/wp/v2/posts/8573.json]
[automark.cl/harley-davidson-sportster-s-2022/feed/index.html]
[automark.cl/wp-json/oembed/1.0/embedf000.json]
[automark.cl/wp-json/oembed/1.0/embed2495]
[automark.cl/wp-content/gallery/harley-davidson-sportster-s-2022/photo_1752599782265_resized.jpg]
[automark.cl/wp-content/gallery/harley-davidson-sportster-s-2022/thumbs/thumbs_photo_1752599782265.jpg]
[automark.cl/wp-content/gallery/harley-davidson-sportster-s-2022/photo_1752599746347_resized.jpg]
[automark.cl/wp-content/gallery/harley-davidson-sportster-s-2022/thumbs/thumbs_photo_1752599746347.jpg]
[automark.cl/wp-content/gallery/harley-davidson-sportster-s-2022/photo_1752599746886_resized.jpg]
[automark.cl/wp-content/gallery/harley-davidson-sportster-s-2022/thumbs/thumbs_photo_1752599746886.jpg]
[automark.cl/wp-content/gallery/harley-davidson-sportster-s-2022/photo_1752599747360_resized.jpg]
[automark.cl/wp-content/gallery/harley-davidson-sportster-s-2022/thumbs/thumbs_photo_1752599747360.jpg]
[automark.cl/wp-content/gallery/harley-davidson-sportster-s-2022/photo_1752599747839_resized.jpg]
[automark.cl/wp-content/gallery/harley-davidson-sportster-s-2022/thumbs/thumbs_photo_1752599747839.jpg]
[automark.cl/wp-content/gallery/harley-davidson-sportster-s-2022/photo_1752599748291_resized.jpg]
[automark.cl/wp-content/gallery/harley-davidson-sportster-s-2022/thumbs/thumbs_photo_1752599748291.jpg]
[automark.cl/wp-content/gallery/harley-davidson-sportster-s-2022/photo_1752599781244_resized.jpg]
[automark.cl/wp-content/gallery/harley-davidson-sportster-s-2022/thumbs/thumbs_photo_1752599781244.jpg]
[automark.cl/wp-content/gallery/harley-davidson-sportster-s-2022/photo_1752599781767_resized.jpg]
[automark.cl/wp-content/gallery/harley-davidson-sportster-s-2022/thumbs/thumbs_photo_1752599781767.jpg]
[automark.cl/wp-content/gallery/harley-davidson-sportster-s-2022/photo_1752599782710_resized.jpg]
[automark.cl/wp-content/gallery/harley-davidson-sportster-s-2022/thumbs/thumbs_photo_1752599782710.jpg]
[automark.cl/wp-content/gallery/harley-davidson-sportster-s-2022/photo_1752599783125_resized.jpg]
[automark.cl/wp-content/gallery/harley-davidson-sportster-s-2022/thumbs/thumbs_photo_1752599783125.jpg]
[automark.cl/wp-content/gallery/harley-davidson-sportster-s-2022/photo_1752599807262_resized.jpg]
[automark.cl/wp-content/gallery/harley-davidson-sportster-s-2022/thumbs/thumbs_photo_1752599807262.jpg]
[automark.cl/wp-content/gallery/harley-davidson-sportster-s-2022/photo_1752599807719_resized.jpg]
[automark.cl/wp-content/gallery/harley-davidson-sportster-s-2022/thumbs/thumbs_photo_1752599807719.jpg]
[automark.cl/wp-content/gallery/harley-davidson-sportster-s-2022/photo_1752599808147_resized.jpg]
[automark.cl/wp-content/gallery/harley-davidson-sportster-s-2022/thumbs/thumbs_photo_1752599808147.jpg]
[automark.cl/wp-content/gallery/harley-davidson-sportster-s-2022/photo_1752599808579_resized.jpg]
[automark.cl/wp-content/gallery/harley-davidson-sportster-s-2022/thumbs/thumbs_photo_1752599808579.jpg]
[automark.cl/wp-content/gallery/harley-davidson-sportster-s-2022/photo_1752599809031_resized.jpg]
[automark.cl/wp-content/gallery/harley-davidson-sportster-s-2022/thumbs/thumbs_photo_1752599809031.jpg]
[automark.cl/wp-content/gallery/harley-davidson-sportster-s-2022/photo_1752599833812_resized.jpg]
[automark.cl/wp-content/gallery/harley-davidson-sportster-s-2022/thumbs/thumbs_photo_1752599833812.jpg]
[automark.cl/wp-content/gallery/harley-davidson-sportster-s-2022/photo_1752599834238_resized.jpg]
[automark.cl/wp-content/gallery/harley-davidson-sportster-s-2022/thumbs/thumbs_photo_1752599834238.jpg]
[automark.cl/wp-content/gallery/harley-davidson-sportster-s-2022/photo_1752599834640_resized.jpg]
[automark.cl/wp-content/gallery/harley-davidson-sportster-s-2022/thumbs/thumbs_photo_1752599834640.jpg]
[automark.cl/wp-content/gallery/harley-davidson-sportster-s-2022/photo_1752599835087_resized.jpg]
[automark.cl/wp-content/gallery/harley-davidson-sportster-s-2022/thumbs/thumbs_photo_1752599835087.jpg]
[automark.cl/harley-davidson-sportster-s-2022/index.html]
[automark.cl/wp-json/wp/v2/posts/8588.json]
[automark.cl/jeep-wrangler-2000/feed/index.html]
[automark.cl/wp-json/oembed/1.0/embed22d0.json]
[automark.cl/wp-json/oembed/1.0/embedab97]
[automark.cl/wp-content/gallery/jeep-wrangler-2000/photo_1754422217847_resized.jpg]
[automark.cl/wp-content/gallery/jeep-wrangler-2000/thumbs/thumbs_photo_1754422217847.jpg]
[automark.cl/wp-content/gallery/jeep-wrangler-2000/photo_1754422218492_resized.jpg]
[automark.cl/wp-content/gallery/jeep-wrangler-2000/thumbs/thumbs_photo_1754422218492.jpg]
[automark.cl/wp-content/gallery/jeep-wrangler-2000/photo_1754422219122_resized.jpg]
[automark.cl/wp-content/gallery/jeep-wrangler-2000/thumbs/thumbs_photo_1754422219122.jpg]
[automark.cl/wp-content/gallery/jeep-wrangler-2000/photo_1754422219758_resized.jpg]
[automark.cl/wp-content/gallery/jeep-wrangler-2000/thumbs/thumbs_photo_1754422219758.jpg]
[automark.cl/wp-content/gallery/jeep-wrangler-2000/photo_1754422220360_resized.jpg]
[automark.cl/wp-content/gallery/jeep-wrangler-2000/thumbs/thumbs_photo_1754422220360.jpg]
[automark.cl/wp-content/gallery/jeep-wrangler-2000/photo_1754422260552_resized.jpg]
[automark.cl/wp-content/gallery/jeep-wrangler-2000/thumbs/thumbs_photo_1754422260552.jpg]
[automark.cl/wp-content/gallery/jeep-wrangler-2000/photo_1754422261161_resized.jpg]
[automark.cl/wp-content/gallery/jeep-wrangler-2000/thumbs/thumbs_photo_1754422261161.jpg]
[automark.cl/wp-content/gallery/jeep-wrangler-2000/photo_1754422261773_resized.jpg]
[automark.cl/wp-content/gallery/jeep-wrangler-2000/thumbs/thumbs_photo_1754422261773.jpg]
[automark.cl/wp-content/gallery/jeep-wrangler-2000/photo_1754422262404_resized.jpg]
[automark.cl/wp-content/gallery/jeep-wrangler-2000/thumbs/thumbs_photo_1754422262404.jpg]
[automark.cl/wp-content/gallery/jeep-wrangler-2000/photo_1754422263020_resized.jpg]
[automark.cl/wp-content/gallery/jeep-wrangler-2000/thumbs/thumbs_photo_1754422263020.jpg]
[automark.cl/wp-content/gallery/jeep-wrangler-2000/photo_1754422291968_resized.jpg]
[automark.cl/wp-content/gallery/jeep-wrangler-2000/thumbs/thumbs_photo_1754422291968.jpg]
[automark.cl/wp-content/gallery/jeep-wrangler-2000/photo_1754422292562_resized.jpg]
[automark.cl/wp-content/gallery/jeep-wrangler-2000/thumbs/thumbs_photo_1754422292562.jpg]
[automark.cl/wp-content/gallery/jeep-wrangler-2000/photo_1754422293130_resized.jpg]
[automark.cl/wp-content/gallery/jeep-wrangler-2000/thumbs/thumbs_photo_1754422293130.jpg]
[automark.cl/wp-content/gallery/jeep-wrangler-2000/photo_1754422293719_resized.jpg]
[automark.cl/wp-content/gallery/jeep-wrangler-2000/thumbs/thumbs_photo_1754422293719.jpg]
[automark.cl/wp-content/gallery/jeep-wrangler-2000/photo_1754422294359_resized.jpg]
[automark.cl/wp-content/gallery/jeep-wrangler-2000/thumbs/thumbs_photo_1754422294359.jpg]
[automark.cl/jeep-wrangler-2000/index.html]
[automark.cl/wp-json/wp/v2/posts/8029.json]
[automark.cl/land-rover-serie-3-stage-one-1981/feed/index.html]
[automark.cl/wp-json/oembed/1.0/embed7bbc.json]
[automark.cl/wp-json/oembed/1.0/embed8186]
[automark.cl/wp-content/gallery/land-rover-serie-3-stage-one-1981/photo_1710547407976_resized.jpg]
[automark.cl/wp-content/gallery/land-rover-serie-3-stage-one-1981/photo_1710547407474_resized.jpg]
[automark.cl/wp-content/gallery/land-rover-serie-3-stage-one-1981/thumbs/thumbs_photo_1710547407976.2bb.delaye]
[automark.cl/wp-content/gallery/land-rover-serie-3-stage-one-1981/photo_1710547321798_resized.jpg]
[automark.cl/wp-content/gallery/land-rover-serie-3-stage-one-1981/photo_1710547373669_resized.jpg]
[automark.cl/wp-content/gallery/land-rover-serie-3-stage-one-1981/photo_1710547321299_resized.jpg]
[automark.cl/wp-content/gallery/land-rover-serie-3-stage-one-1981/photo_1710547285672_resized.jpg]
[automark.cl/wp-content/gallery/land-rover-serie-3-stage-one-1981/photo_1710547373165_resized.jpg]
[automark.cl/wp-content/gallery/land-rover-serie-3-stage-one-1981/thumbs/thumbs_photo_1710547407474.2bd.delaye]
[automark.cl/wp-content/gallery/land-rover-serie-3-stage-one-1981/photo_1710547285114_resized.jpg]
[automark.cl/wp-content/gallery/land-rover-serie-3-stage-one-1981/photo_1710547372592_resized.jpg]
[automark.cl/wp-content/gallery/land-rover-serie-3-stage-one-1981/photo_1710547372118_resized.jpg]
[automark.cl/wp-content/gallery/land-rover-serie-3-stage-one-1981/photo_1710547371614_resized.jpg]
[automark.cl/wp-content/gallery/land-rover-serie-3-stage-one-1981/thumbs/thumbs_photo_1710547321798.2bf.delaye]
[automark.cl/wp-content/gallery/land-rover-serie-3-stage-one-1981/photo_1710547323165_resized.jpg]
[automark.cl/wp-content/gallery/land-rover-serie-3-stage-one-1981/photo_1710547284543_resized.jpg]
[automark.cl/wp-content/gallery/land-rover-serie-3-stage-one-1981/photo_1710547284098_resized.jpg]
[automark.cl/wp-content/gallery/land-rover-serie-3-stage-one-1981/photo_1710547322710_resized.jpg]
[automark.cl/wp-content/gallery/land-rover-serie-3-stage-one-1981/thumbs/thumbs_photo_1710547373669.2c1.delaye]
[automark.cl/wp-content/gallery/land-rover-serie-3-stage-one-1981/photo_1710547322250_resized.jpg]
[automark.cl/wp-content/gallery/land-rover-serie-3-stage-one-1981/photo_1710547283593_resized.jpg]
[automark.cl/land-rover-serie-3-stage-one-1981/index.html]
[automark.cl/wp-content/gallery/land-rover-serie-3-stage-one-1981/thumbs/thumbs_photo_1710547321299.2c3.delaye]
[automark.cl/wp-content/gallery/land-rover-serie-3-stage-one-1981/thumbs/thumbs_photo_1710547285672.2c5.delaye]
[automark.cl/wp-json/wp/v2/posts/8555.json]
[automark.cl/wp-content/gallery/land-rover-serie-3-stage-one-1981/thumbs/thumbs_photo_1710547285114.2c9.delaye]
[automark.cl/wp-content/gallery/land-rover-serie-3-stage-one-1981/thumbs/thumbs_photo_1710547373165.2c7.delaye]
[automark.cl/wp-content/gallery/land-rover-serie-3-stage-one-1981/thumbs/thumbs_photo_1710547372592.2cb.delaye]
[automark.cl/wp-content/gallery/land-rover-serie-3-stage-one-1981/thumbs/thumbs_photo_1710547372118.2cd.delaye]
[automark.cl/wp-content/gallery/land-rover-serie-3-stage-one-1981/thumbs/thumbs_photo_1710547371614.2cf.delaye]
[automark.cl/wp-json/oembed/1.0/embedbb2c.json]
[automark.cl/wp-content/gallery/land-rover-serie-3-stage-one-1981/thumbs/thumbs_photo_1710547323165.2d1.delaye]
[automark.cl/wp-content/gallery/land-rover-serie-3-stage-one-1981/thumbs/thumbs_photo_1710547284543.2d3.delaye]
[automark.cl/wp-content/gallery/land-rover-serie-3-stage-one-1981/thumbs/thumbs_photo_1710547284098.2d5.delaye]
[automark.cl/wp-json/oembed/1.0/embed683c]
[automark.cl/wp-content/gallery/land-rover-serie-3-stage-one-1981/thumbs/thumbs_photo_1710547322710.2d7.delaye]
[automark.cl/wp-content/gallery/land-rover-serie-3-stage-one-1981/thumbs/thumbs_photo_1710547322250.2d9.delaye]
[automark.cl/wp-content/gallery/land-rover-serie-3-stage-one-1981/thumbs/thumbs_photo_1710547283593.2db.delaye]
[automark.cl/mercedes-benz-unimog-426-casa-rodante-motoriz-1974/feed/index.html]
[automark.cl/mercedes-benz-unimog-426-casa-rodante-motoriz-1974/index.html]
[automark.cl/wp-content/gallery/mercedes-benz-unimog-426-casa-rodante-motoriz-1/thumbs/thumbs_photo_1750359143]
[automark.cl/wp-content/gallery/mercedes-benz-unimog-426-casa-rodante-motoriz-1/photo_1750359143370_resized.2e]
[automark.cl/wp-content/gallery/mercedes-benz-unimog-426-casa-rodante-motoriz-1/photo_1750359143934_resized.2e]
[automark.cl/wp-json/wp/v2/posts/8582.json]
[automark.cl/wp-content/gallery/mercedes-benz-unimog-426-casa-rodante-motoriz-1/thumbs/thumbs_photo_1750359143-2]
[automark.cl/wp-content/gallery/mercedes-benz-unimog-426-casa-rodante-motoriz-1/photo_1750359144391_resized.2e]
[automark.cl/wp-json/oembed/1.0/embed871d.json]
[automark.cl/wp-content/gallery/mercedes-benz-unimog-426-casa-rodante-motoriz-1/thumbs/thumbs_photo_1750359144]
[automark.cl/wp-content/gallery/mercedes-benz-unimog-426-casa-rodante-motoriz-1/photo_1750359144869_resized.2e]
[automark.cl/wp-content/gallery/mercedes-benz-unimog-426-casa-rodante-motoriz-1/thumbs/thumbs_photo_1750359144-2]
[automark.cl/wp-content/gallery/mercedes-benz-unimog-426-casa-rodante-motoriz-1/photo_1750359145274_resized.2e]
[automark.cl/wp-json/oembed/1.0/embed8801]
[automark.cl/wp-content/gallery/mercedes-benz-unimog-426-casa-rodante-motoriz-1/thumbs/thumbs_photo_1750359145]
[automark.cl/wp-content/gallery/mercedes-benz-unimog-426-casa-rodante-motoriz-1/photo_1750359179107_resized.2e]
[automark.cl/wp-content/gallery/mercedes-benz-unimog-426-casa-rodante-motoriz-1/thumbs/thumbs_photo_1750359179]
[automark.cl/wp-content/gallery/mercedes-benz-unimog-426-casa-rodante-motoriz-1/photo_1750359179554_resized.2e]
[automark.cl/wp-content/gallery/mercedes-benz-unimog-426-casa-rodante-motoriz-1/thumbs/thumbs_photo_1750359179-2]
[automark.cl/wp-content/gallery/mercedes-benz-unimog-426-casa-rodante-motoriz-1/photo_1750359180009_resized.2e]
[automark.cl/wp-content/gallery/motomorini-x-cape-2025/20250725_152952_resized.jpg]
[automark.cl/wp-content/gallery/mercedes-benz-unimog-426-casa-rodante-motoriz-1/thumbs/thumbs_photo_1750359180]
[automark.cl/wp-content/gallery/motomorini-x-cape-2025/thumbs/thumbs_20250725_152952.jpg]
[automark.cl/wp-content/gallery/motomorini-x-cape-2025/20250725_152958_resized.jpg]
[automark.cl/wp-content/gallery/motomorini-x-cape-2025/thumbs/thumbs_20250725_152958.jpg]
[automark.cl/wp-content/gallery/mercedes-benz-unimog-426-casa-rodante-motoriz-1/photo_1750359180446_resized.2f]
[automark.cl/wp-content/gallery/motomorini-x-cape-2025/20250725_153005_resized.jpg]
[automark.cl/wp-content/gallery/mercedes-benz-unimog-426-casa-rodante-motoriz-1/thumbs/thumbs_photo_1750359180-2]
[automark.cl/wp-content/gallery/motomorini-x-cape-2025/thumbs/thumbs_20250725_153005.jpg]
[automark.cl/wp-content/gallery/motomorini-x-cape-2025/20250725_153013_resized.jpg]
[automark.cl/wp-content/gallery/mercedes-benz-unimog-426-casa-rodante-motoriz-1/photo_1750359180908_resized.2f]
[automark.cl/wp-content/gallery/mercedes-benz-unimog-426-casa-rodante-motoriz-1/thumbs/thumbs_photo_1750359180-3]
[automark.cl/wp-content/gallery/motomorini-x-cape-2025/thumbs/thumbs_20250725_153013.jpg]
[automark.cl/wp-content/gallery/motomorini-x-cape-2025/20250725_153020_resized.jpg]
[automark.cl/wp-content/gallery/motomorini-x-cape-2025/thumbs/thumbs_20250725_153020.jpg]
[automark.cl/wp-content/gallery/motomorini-x-cape-2025/20250725_153026_resized.jpg]
[automark.cl/wp-content/gallery/motomorini-x-cape-2025/thumbs/thumbs_20250725_153026.jpg]
[automark.cl/wp-content/gallery/motomorini-x-cape-2025/20250725_153032_resized.jpg]
[automark.cl/wp-content/gallery/mercedes-benz-unimog-426-casa-rodante-motoriz-1/photo_1750359220161_resized.2f]
[automark.cl/wp-content/gallery/motomorini-x-cape-2025/thumbs/thumbs_20250725_153032.jpg]
[automark.cl/wp-content/gallery/motomorini-x-cape-2025/20250725_153039_resized.jpg]
[automark.cl/wp-content/gallery/motomorini-x-cape-2025/thumbs/thumbs_20250725_153039.jpg]
[automark.cl/wp-content/gallery/motomorini-x-cape-2025/20250725_153050_resized.jpg]
[automark.cl/wp-content/gallery/mercedes-benz-unimog-426-casa-rodante-motoriz-1/thumbs/thumbs_photo_1750359220]
[automark.cl/wp-content/gallery/motomorini-x-cape-2025/thumbs/thumbs_20250725_153050.jpg]
[automark.cl/wp-content/gallery/motomorini-x-cape-2025/20250725_153104_resized.jpg]
[automark.cl/wp-content/gallery/motomorini-x-cape-2025/thumbs/thumbs_20250725_153104.jpg]
[automark.cl/wp-content/gallery/motomorini-x-cape-2025/20250725_153110_resized.jpg]
[automark.cl/wp-content/gallery/mercedes-benz-unimog-426-casa-rodante-motoriz-1/photo_1750359220613_resized.2f]
[automark.cl/wp-content/gallery/motomorini-x-cape-2025/thumbs/thumbs_20250725_153110.jpg]
[automark.cl/wp-content/gallery/motomorini-x-cape-2025/20250725_153118_resized.jpg]
[automark.cl/wp-content/gallery/motomorini-x-cape-2025/thumbs/thumbs_20250725_153118.jpg]
[automark.cl/wp-content/gallery/motomorini-x-cape-2025/20250725_153122_resized.jpg]
[automark.cl/wp-content/gallery/mercedes-benz-unimog-426-casa-rodante-motoriz-1/thumbs/thumbs_photo_1750359220-2]
[automark.cl/wp-content/gallery/motomorini-x-cape-2025/thumbs/thumbs_20250725_153122.jpg]
[automark.cl/wp-content/gallery/motomorini-x-cape-2025/20250725_153130_resized.jpg]
[automark.cl/wp-content/gallery/motomorini-x-cape-2025/thumbs/thumbs_20250725_153130.jpg]
[automark.cl/wp-content/gallery/motomorini-x-cape-2025/20250725_153137_resized.jpg]
[automark.cl/wp-content/gallery/motomorini-x-cape-2025/thumbs/thumbs_20250725_153137.jpg]
[automark.cl/wp-content/gallery/motomorini-x-cape-2025/20250725_153144_resized.jpg]
[automark.cl/wp-content/gallery/mercedes-benz-unimog-426-casa-rodante-motoriz-1/photo_1750359221043_resized.2f]
[automark.cl/wp-content/gallery/motomorini-x-cape-2025/thumbs/thumbs_20250725_153144.jpg]
[automark.cl/wp-content/gallery/motomorini-x-cape-2025/20250725_153153_resized.jpg]
[automark.cl/wp-content/gallery/motomorini-x-cape-2025/thumbs/thumbs_20250725_153153.jpg]
[automark.cl/wp-content/gallery/mercedes-benz-unimog-426-casa-rodante-motoriz-1/thumbs/thumbs_photo_1750359221]
[automark.cl/wp-content/gallery/motomorini-x-cape-2025/20250725_153200_resized.jpg]
[automark.cl/wp-content/gallery/mercedes-benz-unimog-426-casa-rodante-motoriz-1/photo_1750359221457_resized.2f]
[automark.cl/wp-content/gallery/motomorini-x-cape-2025/thumbs/thumbs_20250725_153200.jpg]
[automark.cl/wp-content/gallery/motomorini-x-cape-2025/20250725_153206_resized.jpg]
[automark.cl/wp-content/gallery/motomorini-x-cape-2025/thumbs/thumbs_20250725_153206.jpg]
[automark.cl/wp-content/gallery/mercedes-benz-unimog-426-casa-rodante-motoriz-1/thumbs/thumbs_photo_1750359221-2]
[automark.cl/wp-content/gallery/motomorini-x-cape-2025/20250725_153419_resized.jpg]
[automark.cl/wp-content/gallery/motomorini-x-cape-2025/thumbs/thumbs_20250725_153419.jpg]
[automark.cl/motomorini-x-cape-2025/index.html]
[automark.cl/wp-content/gallery/mercedes-benz-unimog-426-casa-rodante-motoriz-1/photo_1750359221872_resized.2f]
[automark.cl/wp-content/gallery/mercedes-benz-unimog-426-casa-rodante-motoriz-1/thumbs/thumbs_photo_1750359221-3]
[automark.cl/wp-content/gallery/mercedes-benz-unimog-426-casa-rodante-motoriz-1/photo_1750359269334_resized.2f]
[automark.cl/wp-json/wp/v2/posts/8571.json]
[automark.cl/wp-content/gallery/mercedes-benz-unimog-426-casa-rodante-motoriz-1/thumbs/thumbs_photo_1750359269]
[automark.cl/wp-content/gallery/mercedes-benz-unimog-426-casa-rodante-motoriz-1/thumbs/thumbs_photo_1750359269-2]
[automark.cl/wp-json/oembed/1.0/embedcef1.json]
[automark.cl/wp-content/gallery/mercedes-benz-unimog-426-casa-rodante-motoriz-1/photo_1750359269762_resized.30]
[automark.cl/wp-content/gallery/mercedes-benz-unimog-426-casa-rodante-motoriz-1/photo_1750359270182_resized.30]
[automark.cl/wp-content/gallery/mercedes-benz-unimog-426-casa-rodante-motoriz-1/thumbs/thumbs_photo_1750359270]
[automark.cl/wp-json/oembed/1.0/embed3ad7]
[automark.cl/wp-content/gallery/mercedes-benz-unimog-426-casa-rodante-motoriz-1/photo_1750359270618_resized.30]
[automark.cl/wp-content/gallery/mercedes-benz-unimog-426-casa-rodante-motoriz-1/thumbs/thumbs_photo_1750359270-2]
[automark.cl/motomorini-x-cape-2025/feed/index.html]
[automark.cl/toyota-4-runner-2001/feed/index.html]
[automark.cl/wp-content/gallery/toyota-4-runner-2001/photo_1752521381259_resized.jpg]
[automark.cl/wp-content/gallery/toyota-4-runner-2001/thumbs/thumbs_photo_1752521381259.jpg]
[automark.cl/wp-content/gallery/toyota-4-runner-2001/photo_1752521381685_resized.jpg]
[automark.cl/wp-content/gallery/toyota-4-runner-2001/thumbs/thumbs_photo_1752521381685.jpg]
[automark.cl/wp-content/gallery/toyota-4-runner-2001/photo_1752521382114_resized.jpg]
[automark.cl/wp-content/gallery/toyota-4-runner-2001/thumbs/thumbs_photo_1752521382114.jpg]
[automark.cl/wp-content/gallery/toyota-4-runner-2001/photo_1752521417925_resized.jpg]
[automark.cl/wp-content/gallery/toyota-4-runner-2001/thumbs/thumbs_photo_1752521417925.jpg]
[automark.cl/wp-content/gallery/toyota-4-runner-2001/photo_1752521418356_resized.jpg]
[automark.cl/wp-content/gallery/toyota-4-runner-2001/thumbs/thumbs_photo_1752521418356.jpg]
[automark.cl/wp-content/gallery/toyota-4-runner-2001/photo_1752521418844_resized.jpg]
[automark.cl/wp-content/gallery/toyota-4-runner-2001/thumbs/thumbs_photo_1752521418844.jpg]
[automark.cl/wp-content/gallery/toyota-4-runner-2001/photo_1752521419268_resized.jpg]
[automark.cl/wp-content/gallery/toyota-4-runner-2001/thumbs/thumbs_photo_1752521419268.jpg]
[automark.cl/wp-content/gallery/toyota-4-runner-2001/photo_1752521419704_resized.jpg]
[automark.cl/wp-content/gallery/toyota-4-runner-2001/thumbs/thumbs_photo_1752521419704.jpg]
[automark.cl/wp-content/gallery/toyota-4-runner-2001/photo_1752521450305_resized.jpg]
[automark.cl/wp-content/gallery/toyota-4-runner-2001/thumbs/thumbs_photo_1752521450305.jpg]
[automark.cl/wp-content/gallery/toyota-4-runner-2001/photo_1752521450748_resized.jpg]
[automark.cl/wp-content/gallery/toyota-4-runner-2001/thumbs/thumbs_photo_1752521450748.jpg]
[automark.cl/wp-content/gallery/toyota-4-runner-2001/photo_1752521451189_resized.jpg]
[automark.cl/wp-content/gallery/toyota-4-runner-2001/thumbs/thumbs_photo_1752521451189.jpg]
[automark.cl/wp-content/gallery/toyota-4-runner-2001/photo_1752521451644_resized.jpg]
[automark.cl/wp-content/gallery/toyota-4-runner-2001/thumbs/thumbs_photo_1752521451644.jpg]
[automark.cl/wp-content/gallery/toyota-4-runner-2001/photo_1752521452087_resized.jpg]
[automark.cl/wp-content/gallery/toyota-4-runner-2001/thumbs/thumbs_photo_1752521452087.jpg]
[automark.cl/wp-content/gallery/toyota-4-runner-2001/photo_1752521477852_resized.jpg]
[automark.cl/wp-content/gallery/toyota-4-runner-2001/thumbs/thumbs_photo_1752521477852.jpg]
[automark.cl/toyota-4-runner-2001/index.html]
[automark.cl/wp-json/wp/v2/posts/7921.json]
[automark.cl/volkswagen-karmann-mobil-safari-1984/feed/index.html]
[automark.cl/wp-json/oembed/1.0/embedacac.json]
[automark.cl/wp-json/oembed/1.0/embeda173]
[automark.cl/wp-content/gallery/volkswagen-karmann-mobil-safari-1984/photo_1703201356228_resized.jpg]
[automark.cl/wp-content/gallery/volkswagen-karmann-mobil-safari-1984/photo_1703201356731_resized.jpg]
[automark.cl/wp-content/gallery/volkswagen-karmann-mobil-safari-1984/thumbs/thumbs_photo_1703201356228.35b.del]
[automark.cl/wp-content/gallery/volkswagen-karmann-mobil-safari-1984/photo_1703201359980_resized.jpg]
[automark.cl/wp-content/gallery/volkswagen-karmann-mobil-safari-1984/photo_1703201363083_resized.jpg]
[automark.cl/wp-content/gallery/volkswagen-karmann-mobil-safari-1984/thumbs/thumbs_photo_1703201356731.35d.del]
[automark.cl/wp-content/gallery/volkswagen-karmann-mobil-safari-1984/photo_1703201366197_resized.jpg]
[automark.cl/wp-content/gallery/volkswagen-karmann-mobil-safari-1984/photo_1703201405768_resized.jpg]
[automark.cl/wp-content/gallery/volkswagen-karmann-mobil-safari-1984/photo_1703201406244_resized.jpg]
[automark.cl/wp-content/gallery/volkswagen-karmann-mobil-safari-1984/photo_1703201409530_resized.jpg]
[automark.cl/wp-content/gallery/volkswagen-karmann-mobil-safari-1984/photo_1703201412615_resized.jpg]
[automark.cl/wp-content/gallery/volkswagen-karmann-mobil-safari-1984/thumbs/thumbs_photo_1703201359980.35f.del]
[automark.cl/wp-content/gallery/volkswagen-karmann-mobil-safari-1984/photo_1703201415758_resized.jpg]
[automark.cl/wp-content/gallery/volkswagen-karmann-mobil-safari-1984/photo_1703201559426_resized.jpg]
[automark.cl/wp-content/gallery/volkswagen-karmann-mobil-safari-1984/photo_1703201462483_resized.jpg]
[automark.cl/wp-content/gallery/volkswagen-karmann-mobil-safari-1984/thumbs/thumbs_photo_1703201363083.361.del]
[automark.cl/wp-content/gallery/volkswagen-karmann-mobil-safari-1984/photo_1703201463033_resized.jpg]
[automark.cl/wp-content/gallery/volkswagen-karmann-mobil-safari-1984/photo_1703201466171_resized.jpg]
[automark.cl/wp-content/gallery/volkswagen-karmann-mobil-safari-1984/photo_1703201469254_resized.jpg]
[automark.cl/wp-content/gallery/volkswagen-karmann-mobil-safari-1984/photo_1703201472367_resized.jpg]
[automark.cl/wp-content/gallery/volkswagen-karmann-mobil-safari-1984/photo_1703201509280_resized.jpg]
[automark.cl/wp-content/gallery/volkswagen-karmann-mobil-safari-1984/thumbs/thumbs_photo_1703201366197.363.del]
[automark.cl/wp-content/gallery/volkswagen-karmann-mobil-safari-1984/photo_1703201511383_resized.jpg]
[automark.cl/wp-content/gallery/volkswagen-karmann-mobil-safari-1984/photo_1703201556077_resized.jpg]
[automark.cl/wp-content/gallery/volkswagen-karmann-mobil-safari-1984/photo_1703201513013_resized.jpg]
[automark.cl/wp-content/gallery/volkswagen-karmann-mobil-safari-1984/photo_1703201516071_resized.jpg]
[automark.cl/wp-content/gallery/volkswagen-karmann-mobil-safari-1984/thumbs/thumbs_photo_1703201405768.365.del]
[automark.cl/wp-content/gallery/volkswagen-karmann-mobil-safari-1984/photo_1703201519215_resized.jpg]
[automark.cl/wp-content/gallery/volkswagen-karmann-mobil-safari-1984/photo_1703201555578_resized.jpg]
[automark.cl/wp-content/gallery/volkswagen-karmann-mobil-safari-1984/photo_1703201562519_resized.jpg]
[automark.cl/wp-content/gallery/volkswagen-karmann-mobil-safari-1984/photo_1703201565668_resized.jpg]
[automark.cl/volkswagen-karmann-mobil-safari-1984/index.html]
[automark.cl/index9b4a.html]
[automark.cl/index4730.html]
[automark.cl/wp-content/gallery/volkswagen-karmann-mobil-safari-1984/thumbs/thumbs_photo_1703201406244.367.del]
[automark.cl/wp-content/gallery/volkswagen-karmann-mobil-safari-1984/thumbs/thumbs_photo_1703201409530.369.del]
[automark.cl/wp-content/gallery/volkswagen-karmann-mobil-safari-1984/thumbs/thumbs_photo_1703201412615.36b.del]
[automark.cl/wp-content/gallery/volkswagen-karmann-mobil-safari-1984/thumbs/thumbs_photo_1703201415758.36d.del]
[automark.cl/wp-json/wp/v2/posts/6830.json]
[automark.cl/wp-content/gallery/volkswagen-karmann-mobil-safari-1984/thumbs/thumbs_photo_1703201559426.36f.del]
[automark.cl/wp-content/gallery/volkswagen-karmann-mobil-safari-1984/thumbs/thumbs_photo_1703201462483.371.del]
[automark.cl/wp-content/gallery/volkswagen-karmann-mobil-safari-1984/thumbs/thumbs_photo_1703201463033.373.del]
[automark.cl/wp-content/gallery/volkswagen-karmann-mobil-safari-1984/thumbs/thumbs_photo_1703201466171.375.del]
[automark.cl/wp-content/gallery/volkswagen-karmann-mobil-safari-1984/thumbs/thumbs_photo_1703201469254.377.del]
[automark.cl/wp-json/oembed/1.0/embedc8df.json]
[automark.cl/wp-content/gallery/volkswagen-karmann-mobil-safari-1984/thumbs/thumbs_photo_1703201472367.379.del]
[automark.cl/wp-content/gallery/volkswagen-karmann-mobil-safari-1984/thumbs/thumbs_photo_1703201509280.37b.del]
[automark.cl/wp-content/gallery/volkswagen-karmann-mobil-safari-1984/thumbs/thumbs_photo_1703201511383.37d.del]
[automark.cl/wp-json/oembed/1.0/embed560c]
[automark.cl/wp-content/gallery/volkswagen-karmann-mobil-safari-1984/thumbs/thumbs_photo_1703201556077.37f.del]
[automark.cl/wp-content/gallery/volkswagen-karmann-mobil-safari-1984/thumbs/thumbs_photo_1703201513013.381.del]
[automark.cl/wp-content/gallery/volkswagen-karmann-mobil-safari-1984/thumbs/thumbs_photo_1703201516071.383.del]
[automark.cl/wp-content/gallery/volkswagen-karmann-mobil-safari-1984/thumbs/thumbs_photo_1703201519215.385.del]
[automark.cl/wp-content/gallery/volkswagen-karmann-mobil-safari-1984/thumbs/thumbs_photo_1703201555578.387.del]
[automark.cl/wp-content/gallery/volkswagen-karmann-mobil-safari-1984/thumbs/thumbs_photo_1703201562519.389.del]
[automark.cl/wp-content/gallery/volkswagen-karmann-mobil-safari-1984/thumbs/thumbs_photo_1703201565668.38b.del]
[automark.cl/wp-content/gallery/ford-bronco-1978/photo_1592868235009_resized.jpg]
[automark.cl/wp-content/gallery/ford-bronco-1978/thumbs/thumbs_photo_1592868235009.jpg]
[automark.cl/wp-content/gallery/ford-bronco-1978/photo_1592868236708_resized.jpg]
[automark.cl/wp-content/gallery/ford-bronco-1978/thumbs/thumbs_photo_1592868236708.jpg]
[automark.cl/wp-content/gallery/ford-bronco-1978/photo_1592868238353_resized.jpg]
[automark.cl/ford-bronco-1978/feed/index.html]
[automark.cl/wp-content/gallery/ford-bronco-1978/thumbs/thumbs_photo_1592868238353.jpg]
[automark.cl/wp-content/gallery/ford-bronco-1978/photo_1592868239989_resized.jpg]
[automark.cl/wp-content/gallery/ford-bronco-1978/thumbs/thumbs_photo_1592868239989.jpg]
[automark.cl/wp-content/gallery/ford-bronco-1978/photo_1592868241701_resized.jpg]
[automark.cl/wp-content/gallery/ford-bronco-1978/thumbs/thumbs_photo_1592868241701.jpg]
[automark.cl/wp-content/gallery/ford-bronco-1978/photo_1592868243404_resized.jpg]
[automark.cl/wp-content/gallery/ford-bronco-1978/thumbs/thumbs_photo_1592868243404.jpg]
[automark.cl/wp-content/gallery/ford-bronco-1978/photo_1592868245020_resized.jpg]
[automark.cl/wp-content/gallery/ford-bronco-1978/thumbs/thumbs_photo_1592868245020.jpg]
[automark.cl/wp-content/gallery/ford-bronco-1978/photo_1592868246594_resized.jpg]
[automark.cl/wp-content/gallery/ford-bronco-1978/thumbs/thumbs_photo_1592868246594.jpg]
[automark.cl/wp-content/gallery/ford-bronco-1978/photo_1592868248240_resized.jpg]
[automark.cl/wp-content/gallery/ford-bronco-1978/thumbs/thumbs_photo_1592868248240.jpg]
[automark.cl/wp-content/gallery/ford-bronco-1978/photo_1592868249931_resized.jpg]
[automark.cl/wp-content/gallery/ford-bronco-1978/thumbs/thumbs_photo_1592868249931.jpg]
[automark.cl/wp-content/gallery/ford-bronco-1978/photo_1592868251587_resized.jpg]
[automark.cl/wp-content/gallery/ford-bronco-1978/thumbs/thumbs_photo_1592868251587.jpg]
[automark.cl/wp-content/gallery/ford-bronco-1978/photo_1592868253271_resized.jpg]
[automark.cl/wp-content/gallery/ford-bronco-1978/thumbs/thumbs_photo_1592868253271.jpg]
[automark.cl/wp-content/gallery/ford-bronco-1978/photo_1592868255031_resized.jpg]
[automark.cl/wp-content/gallery/ford-bronco-1978/thumbs/thumbs_photo_1592868255031.jpg]
[automark.cl/wp-content/gallery/ford-bronco-1978/photo_1592868256812_resized.jpg]
[automark.cl/wp-content/gallery/ford-bronco-1978/thumbs/thumbs_photo_1592868256812.jpg]
[automark.cl/wp-content/gallery/ford-bronco-1978/photo_1592868258422_resized.jpg]
[automark.cl/wp-content/gallery/ford-bronco-1978/thumbs/thumbs_photo_1592868258422.jpg]
[automark.cl/wp-content/gallery/ford-bronco-1978/photo_1592868260070_resized.jpg]
[automark.cl/wp-content/gallery/ford-bronco-1978/thumbs/thumbs_photo_1592868260070.jpg]
[automark.cl/wp-content/gallery/ford-bronco-1978/photo_1592868261642_resized.jpg]
[automark.cl/wp-content/gallery/ford-bronco-1978/thumbs/thumbs_photo_1592868261642.jpg]
[automark.cl/wp-content/gallery/ford-bronco-1978/photo_1592868263723_resized.jpg]
[automark.cl/wp-content/gallery/ford-bronco-1978/thumbs/thumbs_photo_1592868263723.jpg]
[automark.cl/wp-content/gallery/ford-bronco-1978/photo_1592868265462_resized.jpg]
[automark.cl/wp-content/gallery/ford-bronco-1978/thumbs/thumbs_photo_1592868265462.jpg]
[automark.cl/wp-content/gallery/ford-bronco-1978/photo_1592868267032_resized.jpg]
[automark.cl/wp-content/gallery/ford-bronco-1978/thumbs/thumbs_photo_1592868267032.jpg]
[automark.cl/wp-content/gallery/ford-bronco-1978/photo_1592868268660_resized.jpg]
[automark.cl/wp-content/gallery/ford-bronco-1978/thumbs/thumbs_photo_1592868268660.jpg]
[automark.cl/wp-content/gallery/ford-bronco-1978/photo_1592868270230_resized.jpg]
[automark.cl/wp-content/gallery/ford-bronco-1978/thumbs/thumbs_photo_1592868270230.jpg]
[automark.cl/wp-content/gallery/ford-bronco-1978/photo_1592868271856_resized.jpg]
[automark.cl/wp-content/gallery/ford-bronco-1978/thumbs/thumbs_photo_1592868271856.jpg]
[automark.cl/wp-content/gallery/ford-bronco-1978/photo_1592868273469_resized.jpg]
[automark.cl/wp-content/gallery/ford-bronco-1978/thumbs/thumbs_photo_1592868273469.jpg]
[automark.cl/wp-content/gallery/ford-bronco-1978/photo_1592868275036_resized.jpg]
[automark.cl/wp-content/gallery/ford-bronco-1978/thumbs/thumbs_photo_1592868275036.jpg]
[automark.cl/wp-content/gallery/ford-bronco-1978/photo_1592868276765_resized.jpg]
[automark.cl/wp-content/gallery/ford-bronco-1978/thumbs/thumbs_photo_1592868276765.jpg]
[automark.cl/ford-bronco-1978/index.html]
[automark.cl/wp-json/wp/v2/posts/6588.json]
[automark.cl/ford-bronco-1986-2/feed/index.html]
[automark.cl/wp-json/oembed/1.0/embed493e.json]
[automark.cl/wp-json/oembed/1.0/embeda300]
[automark.cl/wp-content/gallery/ford-bronco-1986_1/20191007_145241-copiar_resized.jpg]
[automark.cl/wp-content/gallery/ford-bronco-1986_1/thumbs/thumbs_20191007_145241-copiar.jpg]
[automark.cl/wp-content/gallery/ford-bronco-1986_1/20191007_145254-copiar_resized.jpg]
[automark.cl/wp-content/gallery/ford-bronco-1986_1/thumbs/thumbs_20191007_145254-copiar.jpg]
[automark.cl/wp-content/gallery/ford-bronco-1986_1/20191007_145323-copiar_resized.jpg]
[automark.cl/wp-content/gallery/ford-bronco-1986_1/thumbs/thumbs_20191007_145323-copiar.jpg]
[automark.cl/wp-content/gallery/ford-bronco-1986_1/20191007_145606-copiar_resized.jpg]
[automark.cl/wp-content/gallery/ford-bronco-1986_1/thumbs/thumbs_20191007_145606-copiar.jpg]
[automark.cl/wp-content/gallery/ford-bronco-1986_1/20191007_145621-copiar_resized.jpg]
[automark.cl/wp-content/gallery/ford-bronco-1986_1/thumbs/thumbs_20191007_145621-copiar.jpg]
[automark.cl/wp-content/gallery/ford-bronco-1986_1/20191007_145655-copiar_resized.jpg]
[automark.cl/wp-content/gallery/ford-bronco-1986_1/thumbs/thumbs_20191007_145655-copiar.jpg]
[automark.cl/wp-content/gallery/ford-bronco-1986_1/20191007_150104-copiar_resized.jpg]
[automark.cl/wp-content/gallery/ford-bronco-1986_1/thumbs/thumbs_20191007_150104-copiar.jpg]
[automark.cl/wp-content/gallery/ford-bronco-1986_1/20191007_150137-copiar_resized.jpg]
[automark.cl/wp-content/gallery/ford-bronco-1986_1/thumbs/thumbs_20191007_150137-copiar.jpg]
[automark.cl/wp-content/gallery/ford-bronco-1986_1/20191007_150141-1-copiar_resized.jpg]
[automark.cl/wp-content/gallery/ford-bronco-1986_1/thumbs/thumbs_20191007_150141-1-copiar.jpg]
[automark.cl/wp-content/gallery/ford-bronco-1986_1/20191007_150141-copiar_resized.jpg]
[automark.cl/wp-content/gallery/ford-bronco-1986_1/thumbs/thumbs_20191007_150141-copiar.jpg]
[automark.cl/wp-content/gallery/ford-bronco-1986_1/20191007_150223-1-copiar_resized.jpg]
[automark.cl/wp-content/gallery/ford-bronco-1986_1/thumbs/thumbs_20191007_150223-1-copiar.jpg]
[automark.cl/wp-content/gallery/ford-bronco-1986_1/20191007_150223-copiar_resized.jpg]
[automark.cl/wp-content/gallery/ford-bronco-1986_1/thumbs/thumbs_20191007_150223-copiar.jpg]
[automark.cl/wp-content/gallery/ford-bronco-1986_1/20191007_150230-copiar_resized.jpg]
[automark.cl/wp-content/gallery/ford-bronco-1986_1/thumbs/thumbs_20191007_150230-copiar.jpg]
[automark.cl/wp-content/gallery/ford-bronco-1986_1/20191007_150244-copiar_resized.jpg]
[automark.cl/wp-content/gallery/ford-bronco-1986_1/thumbs/thumbs_20191007_150244-copiar.jpg]
[automark.cl/wp-content/gallery/ford-bronco-1986_1/20191007_150309-copiar_resized.jpg]
[automark.cl/wp-content/gallery/ford-bronco-1986_1/thumbs/thumbs_20191007_150309-copiar.jpg]
[automark.cl/wp-content/gallery/ford-bronco-1986_1/20191007_150505-copiar_resized.jpg]
[automark.cl/wp-content/gallery/ford-bronco-1986_1/thumbs/thumbs_20191007_150505-copiar.jpg]
[automark.cl/wp-content/gallery/ford-bronco-1986_1/20191007_150513-copiar_resized.jpg]
[automark.cl/wp-content/gallery/ford-bronco-1986_1/thumbs/thumbs_20191007_150513-copiar.jpg]
[automark.cl/ford-bronco-1986-2/index.html]
[automark.cl/wp-json/wp/v2/posts/693.json]
[automark.cl/ford-maverick-250-1976/feed/index.html]
[automark.cl/wp-json/oembed/1.0/embed996d.json]
[automark.cl/wp-json/oembed/1.0/embed98fe]
[automark.cl/wp-content/gallery/ford-maverick-1976/1-28_resized.jpg]
[automark.cl/wp-content/gallery/ford-maverick-1976/thumbs/thumbs_1.jpg]
[automark.cl/wp-content/gallery/ford-maverick-1976/2-28_resized.jpg]
[automark.cl/wp-content/gallery/ford-maverick-1976/thumbs/thumbs_2.jpg]
[automark.cl/wp-content/gallery/ford-maverick-1976/3-28_resized.jpg]
[automark.cl/wp-content/gallery/ford-maverick-1976/thumbs/thumbs_3.jpg]
[automark.cl/wp-content/gallery/ford-maverick-1976/4-28_resized.jpg]
[automark.cl/wp-content/gallery/ford-maverick-1976/thumbs/thumbs_4.jpg]
[automark.cl/wp-content/gallery/ford-maverick-1976/5-28_resized.jpg]
[automark.cl/wp-content/gallery/ford-maverick-1976/thumbs/thumbs_5.jpg]
[automark.cl/wp-content/gallery/ford-maverick-1976/6-28_resized.jpg]
[automark.cl/wp-content/gallery/ford-maverick-1976/thumbs/thumbs_6.jpg]
[automark.cl/wp-content/gallery/ford-maverick-1976/7-28_resized.jpg]
[automark.cl/wp-content/gallery/ford-maverick-1976/thumbs/thumbs_7.jpg]
[automark.cl/wp-content/gallery/ford-maverick-1976/8-28_resized.jpg]
[automark.cl/wp-content/gallery/ford-maverick-1976/thumbs/thumbs_8.jpg]
[automark.cl/wp-content/gallery/ford-maverick-1976/9-25_resized.jpg]
[automark.cl/wp-content/gallery/ford-maverick-1976/thumbs/thumbs_9.jpg]
[automark.cl/wp-content/gallery/ford-maverick-1976/10-22_resized.jpg]
[automark.cl/wp-content/gallery/ford-maverick-1976/thumbs/thumbs_10.jpg]
[automark.cl/wp-content/gallery/ford-maverick-1976/11-21_resized.jpg]
[automark.cl/wp-content/gallery/ford-maverick-1976/thumbs/thumbs_11.jpg]
[automark.cl/wp-content/gallery/ford-maverick-1976/12-20_resized.jpg]
[automark.cl/wp-content/gallery/ford-maverick-1976/thumbs/thumbs_12.jpg]
[automark.cl/wp-content/gallery/ford-maverick-1976/13-19_resized.jpg]
[automark.cl/wp-content/gallery/ford-maverick-1976/thumbs/thumbs_13.jpg]
[automark.cl/wp-content/gallery/ford-maverick-1976/14-19_resized.jpg]
[automark.cl/wp-content/gallery/ford-maverick-1976/thumbs/thumbs_14.jpg]
[automark.cl/wp-content/gallery/ford-maverick-1976/20180131_184004-copiar_resized_resized.jpg]
[automark.cl/wp-content/gallery/ford-maverick-1976/thumbs/thumbs_20180131_184004-copiar_resized.jpg]
[automark.cl/ford-maverick-250-1976/index.html]
[automark.cl/wp-json/wp/v2/posts/2195.json]
[automark.cl/ford-mustang-gt-1968/feed/index.html]
[automark.cl/wp-json/oembed/1.0/embed193a.json]
[automark.cl/wp-json/oembed/1.0/embed293c]
[automark.cl/wp-content/gallery/ford-mustang-gt-1968/p10_resized.jpg]
[automark.cl/wp-content/gallery/ford-mustang-gt-1968/thumbs/thumbs_p10.jpg]
[automark.cl/wp-content/gallery/ford-mustang-gt-1968/p11_resized.jpg]
[automark.cl/wp-content/gallery/ford-mustang-gt-1968/thumbs/thumbs_p11.jpg]
[automark.cl/wp-content/gallery/ford-mustang-gt-1968/p12_resized.jpg]
[automark.cl/wp-content/gallery/ford-mustang-gt-1968/thumbs/thumbs_p12.jpg]
[automark.cl/wp-content/gallery/ford-mustang-gt-1968/p13_resized.jpg]
[automark.cl/wp-content/gallery/ford-mustang-gt-1968/thumbs/thumbs_p13.jpg]
[automark.cl/wp-content/gallery/ford-mustang-gt-1968/p14_resized.jpg]
[automark.cl/wp-content/gallery/ford-mustang-gt-1968/thumbs/thumbs_p14.jpg]
[automark.cl/wp-content/gallery/ford-mustang-gt-1968/p15_resized.jpg]
[automark.cl/wp-content/gallery/ford-mustang-gt-1968/thumbs/thumbs_p15.jpg]
[automark.cl/wp-content/gallery/ford-mustang-gt-1968/p16_resized.jpg]
[automark.cl/wp-content/gallery/ford-mustang-gt-1968/thumbs/thumbs_p16.jpg]
[automark.cl/wp-content/gallery/ford-mustang-gt-1968/p17_resized.jpg]
[automark.cl/wp-content/gallery/ford-mustang-gt-1968/thumbs/thumbs_p17.jpg]
[automark.cl/wp-content/gallery/ford-mustang-gt-1968/p18_resized.jpg]
[automark.cl/wp-content/gallery/ford-mustang-gt-1968/thumbs/thumbs_p18.jpg]
[automark.cl/wp-content/gallery/ford-mustang-gt-1968/p19_resized.jpg]
[automark.cl/wp-content/gallery/ford-mustang-gt-1968/thumbs/thumbs_p19.jpg]
[automark.cl/wp-content/gallery/ford-mustang-gt-1968/p20_resized.jpg]
[automark.cl/wp-content/gallery/ford-mustang-gt-1968/thumbs/thumbs_p20.jpg]
[automark.cl/wp-content/gallery/ford-mustang-gt-1968/p21_resized.jpg]
[automark.cl/wp-content/gallery/ford-mustang-gt-1968/thumbs/thumbs_p21.jpg]
[automark.cl/wp-content/gallery/ford-mustang-gt-1968/p22_resized.jpg]
[automark.cl/wp-content/gallery/ford-mustang-gt-1968/thumbs/thumbs_p22.jpg]
[automark.cl/wp-content/gallery/ford-mustang-gt-1968/p23_resized.jpg]
[automark.cl/wp-content/gallery/ford-mustang-gt-1968/thumbs/thumbs_p23.jpg]
[automark.cl/wp-content/gallery/ford-mustang-gt-1968/p24_resized.jpg]
[automark.cl/wp-content/gallery/ford-mustang-gt-1968/thumbs/thumbs_p24.jpg]
[automark.cl/wp-content/gallery/ford-mustang-gt-1968/p1060220-2_resized.jpg]
[automark.cl/wp-content/gallery/ford-mustang-gt-1968/thumbs/thumbs_p1060220.jpg]
[automark.cl/wp-content/gallery/ford-mustang-gt-1968/p1060221-2_resized.jpg]
[automark.cl/wp-content/gallery/ford-mustang-gt-1968/thumbs/thumbs_p1060221.jpg]
[automark.cl/wp-content/gallery/ford-mustang-gt-1968/p1060222_resized.jpg]
[automark.cl/wp-content/gallery/ford-mustang-gt-1968/thumbs/thumbs_p1060222.jpg]
[automark.cl/wp-content/gallery/ford-mustang-gt-1968/p1060223-2_resized.jpg]
[automark.cl/wp-content/gallery/ford-mustang-gt-1968/thumbs/thumbs_p1060223.jpg]
[automark.cl/wp-content/gallery/ford-mustang-gt-1968/p1060224-2_resized.jpg]
[automark.cl/wp-content/gallery/ford-mustang-gt-1968/thumbs/thumbs_p1060224.jpg]
[automark.cl/wp-content/gallery/ford-mustang-gt-1968/p1060225-2_resized.jpg]
[automark.cl/wp-content/gallery/ford-mustang-gt-1968/thumbs/thumbs_p1060225.jpg]
[automark.cl/wp-content/gallery/ford-mustang-gt-1968/p1060226-2_resized.jpg]
[automark.cl/wp-content/gallery/ford-mustang-gt-1968/thumbs/thumbs_p1060226.jpg]
[automark.cl/wp-content/gallery/ford-mustang-gt-1968/p1060227-2_resized.jpg]
[automark.cl/wp-content/gallery/ford-mustang-gt-1968/thumbs/thumbs_p1060227.jpg]
[automark.cl/wp-content/gallery/ford-mustang-gt-1968/p1060228-2_resized.jpg]
[automark.cl/wp-content/gallery/ford-mustang-gt-1968/thumbs/thumbs_p1060228.jpg]
[automark.cl/wp-content/gallery/ford-mustang-gt-1968/p1060229-2_resized.jpg]
[automark.cl/wp-content/gallery/ford-mustang-gt-1968/thumbs/thumbs_p1060229.jpg]
[automark.cl/wp-content/gallery/ford-mustang-gt-1968/p1060230-2_resized.jpg]
[automark.cl/wp-content/gallery/ford-mustang-gt-1968/thumbs/thumbs_p1060230.jpg]
[automark.cl/wp-content/gallery/ford-mustang-gt-1968/p1060231-2_resized.jpg]
[automark.cl/wp-content/gallery/ford-mustang-gt-1968/thumbs/thumbs_p1060231.jpg]
[automark.cl/wp-content/gallery/ford-mustang-gt-1968/p1060232-2_resized.jpg]
[automark.cl/wp-content/gallery/ford-mustang-gt-1968/thumbs/thumbs_p1060232.jpg]
[automark.cl/wp-content/gallery/ford-mustang-gt-1968/p1060233_resized.jpg]
[automark.cl/wp-content/gallery/ford-mustang-gt-1968/thumbs/thumbs_p1060233.jpg]
[automark.cl/wp-content/gallery/ford-mustang-gt-1968/p1060235-2_resized.jpg]
[automark.cl/wp-content/gallery/ford-mustang-gt-1968/thumbs/thumbs_p1060235.jpg]
[automark.cl/wp-content/gallery/ford-mustang-gt-1968/p1060236-2_resized.jpg]
[automark.cl/wp-content/gallery/ford-mustang-gt-1968/thumbs/thumbs_p1060236.jpg]
[automark.cl/wp-content/gallery/ford-mustang-gt-1968/p1060237-2_resized.jpg]
[automark.cl/wp-content/gallery/ford-mustang-gt-1968/thumbs/thumbs_p1060237.jpg]
[automark.cl/wp-content/gallery/ford-mustang-gt-1968/p1060238-2_resized.jpg]
[automark.cl/wp-content/gallery/ford-mustang-gt-1968/thumbs/thumbs_p1060238.jpg]
[automark.cl/wp-content/gallery/ford-mustang-gt-1968/p1060239-2_resized.jpg]
[automark.cl/wp-content/gallery/ford-mustang-gt-1968/thumbs/thumbs_p1060239.jpg]
[automark.cl/wp-content/gallery/ford-mustang-gt-1968/p1060240-2_resized.jpg]
[automark.cl/wp-content/gallery/ford-mustang-gt-1968/thumbs/thumbs_p1060240.jpg]
[automark.cl/wp-content/gallery/ford-mustang-gt-1968/p1060241-2_resized.jpg]
[automark.cl/wp-content/gallery/ford-mustang-gt-1968/thumbs/thumbs_p1060241.jpg]
[automark.cl/wp-content/gallery/ford-mustang-gt-1968/p1060242-2_resized.jpg]
[automark.cl/wp-content/gallery/ford-mustang-gt-1968/thumbs/thumbs_p1060242.jpg]
[automark.cl/wp-content/gallery/ford-mustang-gt-1968/p1060260-2_resized.jpg]
[automark.cl/wp-content/gallery/ford-mustang-gt-1968/thumbs/thumbs_p1060260.jpg]
[automark.cl/wp-content/gallery/ford-mustang-gt-1968/p1060261-2_resized.jpg]
[automark.cl/wp-content/gallery/ford-mustang-gt-1968/thumbs/thumbs_p1060261.jpg]
[automark.cl/wp-content/gallery/ford-mustang-gt-1968/p1060262-2_resized.jpg]
[automark.cl/wp-content/gallery/ford-mustang-gt-1968/thumbs/thumbs_p1060262.jpg]
[automark.cl/wp-content/gallery/ford-mustang-gt-1968/p1060263-2_resized.jpg]
[automark.cl/wp-content/gallery/ford-mustang-gt-1968/thumbs/thumbs_p1060263.jpg]
[automark.cl/wp-content/gallery/ford-mustang-gt-1968/p1060264-2_resized.jpg]
[automark.cl/wp-content/gallery/ford-mustang-gt-1968/thumbs/thumbs_p1060264.jpg]
[automark.cl/wp-content/gallery/ford-mustang-gt-1968/p1060265-2_resized.jpg]
[automark.cl/wp-content/gallery/ford-mustang-gt-1968/thumbs/thumbs_p1060265.jpg]
[automark.cl/wp-content/gallery/ford-mustang-gt-1968/p1060266-2_resized.jpg]
[automark.cl/wp-content/gallery/ford-mustang-gt-1968/thumbs/thumbs_p1060266.jpg]
[automark.cl/wp-content/gallery/ford-mustang-gt-1968/p1060267-2_resized.jpg]
[automark.cl/wp-content/gallery/ford-mustang-gt-1968/thumbs/thumbs_p1060267.jpg]
[automark.cl/wp-content/gallery/ford-mustang-gt-1968/p1060268-2_resized.jpg]
[automark.cl/wp-content/gallery/ford-mustang-gt-1968/thumbs/thumbs_p1060268.jpg]
[automark.cl/ford-mustang-gt-1968/index.html]
[automark.cl/index63ad.html]
[automark.cl/wp-content/themes/automark/images/webpay.svg]
[automark.cl/indexb34e.html]
[automark.cl/indexcbf3.html]
[automark.cl/indexcc5c.html]
[automark.cl/index76c7.html]
[automark.cl/index9b5b.html]
[automark.cl/indexaffc.html]
[automark.cl/indexaa19.html]
[automark.cl/index78fa.html]
[automark.cl/index4cd9.html]
[automark.cl/index4291.html]
[automark.cl/index5e38.html]
[automark.cl/index42f4.html]
[automark.cl/indexa833.html]
[automark.cl/index00fb.html]
[automark.cl/indexb4f0.html]
[automark.cl/index4f72.html]
[automark.cl/index61f2.html]
[automark.cl/indexc292.html]
[scontent-ort2-2.cdninstagram.com/v/t51.29350-15/310443069_992716815455287_7569761939074617066_n.2b2aeb.delaye]
[scontent-ort2-2.cdninstagram.com/v/t51.29350-15/309600125_464931965689669_1578606607122115568_n.2d69b1.delaye]
[scontent-ort2-2.cdninstagram.com/v/t51.29350-15/309050674_3244724209176938_4154953011287215727_n.2eae7c.delay]
[scontent-ort2-2.cdninstagram.com/v/t51.29350-15/308240753_495581832073665_1839673215137734650_n.2f7163.delaye]
[scontent-ort2-2.cdninstagram.com/v/t51.29350-15/305567005_407966568110617_8089013277439258965_n.30e921.delaye]
[scontent-ort2-2.cdninstagram.com/v/t51.29350-15/304223124_141162501943972_2128500584439621447_n.31d24d.delaye]
